Component: ARM Compiler 5.06 update 6 (build 750) Tool: armlink [4d35ed]

==============================================================================

Section Cross References

    startup_stm32f40xx.o(RESET) refers to startup_stm32f40xx.o(STACK) for __initial_sp
    startup_stm32f40xx.o(RESET) refers to startup_stm32f40xx.o(.text) for Reset_Handler
    startup_stm32f40xx.o(RESET) refers to stm32f4xx_it.o(i.NMI_Handler) for NMI_Handler
    startup_stm32f40xx.o(RESET) refers to stm32f4xx_it.o(i.HardFault_Handler) for HardFault_Handler
    startup_stm32f40xx.o(RESET) refers to stm32f4xx_it.o(i.MemManage_Handler) for MemManage_Handler
    startup_stm32f40xx.o(RESET) refers to stm32f4xx_it.o(i.BusFault_Handler) for BusFault_Handler
    startup_stm32f40xx.o(RESET) refers to stm32f4xx_it.o(i.UsageFault_Handler) for UsageFault_Handler
    startup_stm32f40xx.o(RESET) refers to port.o(.emb_text) for SVC_Handler
    startup_stm32f40xx.o(RESET) refers to stm32f4xx_it.o(i.DebugMon_Handler) for DebugMon_Handler
    startup_stm32f40xx.o(RESET) refers to stm32f4xx_it.o(i.SysTick_Handler) for SysTick_Handler
    startup_stm32f40xx.o(RESET) refers to stm32f4xx_it.o(i.USART1_IRQHandler) for USART1_IRQHandler
    startup_stm32f40xx.o(RESET) refers to stm32f4xx_it.o(i.USART2_IRQHandler) for USART2_IRQHandler
    startup_stm32f40xx.o(RESET) refers to bsp_sdio_sd.o(i.SDIO_IRQHandler) for SDIO_IRQHandler
    startup_stm32f40xx.o(RESET) refers to bsp_sdio_sd.o(i.DMA2_Stream3_IRQHandler) for DMA2_Stream3_IRQHandler
    startup_stm32f40xx.o(.text) refers to system_stm32f4xx.o(i.SystemInit) for SystemInit
    startup_stm32f40xx.o(.text) refers to entry.o(.ARM.Collect$$$$00000000) for __main
    system_stm32f4xx.o(i.SystemCoreClockUpdate) refers to system_stm32f4xx.o(.data) for .data
    system_stm32f4xx.o(i.SystemInit) refers to system_stm32f4xx.o(i.SetSysClock) for SetSysClock
    stm32f4xx_adc.o(i.ADC_DeInit) refers to stm32f4xx_rcc.o(i.RCC_APB2PeriphResetCmd) for RCC_APB2PeriphResetCmd
    stm32f4xx_can.o(i.CAN_DeInit) refers to stm32f4xx_rcc.o(i.RCC_APB1PeriphResetCmd) for RCC_APB1PeriphResetCmd
    stm32f4xx_can.o(i.CAN_GetITStatus) refers to stm32f4xx_can.o(i.CheckITStatus) for CheckITStatus
    stm32f4xx_cryp.o(i.CRYP_DeInit) refers to stm32f4xx_rcc.o(i.RCC_AHB2PeriphResetCmd) for RCC_AHB2PeriphResetCmd
    stm32f4xx_cryp_aes.o(i.CRYP_AES_CBC) refers to stm32f4xx_cryp.o(i.CRYP_KeyStructInit) for CRYP_KeyStructInit
    stm32f4xx_cryp_aes.o(i.CRYP_AES_CBC) refers to stm32f4xx_cryp.o(i.CRYP_KeyInit) for CRYP_KeyInit
    stm32f4xx_cryp_aes.o(i.CRYP_AES_CBC) refers to stm32f4xx_cryp.o(i.CRYP_Init) for CRYP_Init
    stm32f4xx_cryp_aes.o(i.CRYP_AES_CBC) refers to stm32f4xx_cryp.o(i.CRYP_IVInit) for CRYP_IVInit
    stm32f4xx_cryp_aes.o(i.CRYP_AES_CBC) refers to stm32f4xx_cryp.o(i.CRYP_FIFOFlush) for CRYP_FIFOFlush
    stm32f4xx_cryp_aes.o(i.CRYP_AES_CBC) refers to stm32f4xx_cryp.o(i.CRYP_Cmd) for CRYP_Cmd
    stm32f4xx_cryp_aes.o(i.CRYP_AES_CBC) refers to stm32f4xx_cryp.o(i.CRYP_GetCmdStatus) for CRYP_GetCmdStatus
    stm32f4xx_cryp_aes.o(i.CRYP_AES_CBC) refers to stm32f4xx_cryp.o(i.CRYP_GetFlagStatus) for CRYP_GetFlagStatus
    stm32f4xx_cryp_aes.o(i.CRYP_AES_CBC) refers to stm32f4xx_cryp.o(i.CRYP_DataIn) for CRYP_DataIn
    stm32f4xx_cryp_aes.o(i.CRYP_AES_CBC) refers to stm32f4xx_cryp.o(i.CRYP_DataOut) for CRYP_DataOut
    stm32f4xx_cryp_aes.o(i.CRYP_AES_CCM) refers to stm32f4xx_cryp.o(i.CRYP_KeyStructInit) for CRYP_KeyStructInit
    stm32f4xx_cryp_aes.o(i.CRYP_AES_CCM) refers to stm32f4xx_cryp.o(i.CRYP_FIFOFlush) for CRYP_FIFOFlush
    stm32f4xx_cryp_aes.o(i.CRYP_AES_CCM) refers to stm32f4xx_cryp.o(i.CRYP_KeyInit) for CRYP_KeyInit
    stm32f4xx_cryp_aes.o(i.CRYP_AES_CCM) refers to stm32f4xx_cryp.o(i.CRYP_IVInit) for CRYP_IVInit
    stm32f4xx_cryp_aes.o(i.CRYP_AES_CCM) refers to stm32f4xx_cryp.o(i.CRYP_Init) for CRYP_Init
    stm32f4xx_cryp_aes.o(i.CRYP_AES_CCM) refers to stm32f4xx_cryp.o(i.CRYP_PhaseConfig) for CRYP_PhaseConfig
    stm32f4xx_cryp_aes.o(i.CRYP_AES_CCM) refers to stm32f4xx_cryp.o(i.CRYP_DataIn) for CRYP_DataIn
    stm32f4xx_cryp_aes.o(i.CRYP_AES_CCM) refers to stm32f4xx_cryp.o(i.CRYP_Cmd) for CRYP_Cmd
    stm32f4xx_cryp_aes.o(i.CRYP_AES_CCM) refers to stm32f4xx_cryp.o(i.CRYP_GetCmdStatus) for CRYP_GetCmdStatus
    stm32f4xx_cryp_aes.o(i.CRYP_AES_CCM) refers to stm32f4xx_cryp.o(i.CRYP_GetFlagStatus) for CRYP_GetFlagStatus
    stm32f4xx_cryp_aes.o(i.CRYP_AES_CCM) refers to stm32f4xx_cryp.o(i.CRYP_DataOut) for CRYP_DataOut
    stm32f4xx_cryp_aes.o(i.CRYP_AES_CTR) refers to stm32f4xx_cryp.o(i.CRYP_KeyStructInit) for CRYP_KeyStructInit
    stm32f4xx_cryp_aes.o(i.CRYP_AES_CTR) refers to stm32f4xx_cryp.o(i.CRYP_KeyInit) for CRYP_KeyInit
    stm32f4xx_cryp_aes.o(i.CRYP_AES_CTR) refers to stm32f4xx_cryp.o(i.CRYP_Init) for CRYP_Init
    stm32f4xx_cryp_aes.o(i.CRYP_AES_CTR) refers to stm32f4xx_cryp.o(i.CRYP_IVInit) for CRYP_IVInit
[...]
    i.MODBUS1_USART_Config                   0x080010b4   Section        0  bsp_modbus_usart.o(i.MODBUS1_USART_Config)
    i.MODBUS_Task                            0x0800117c   Section        0  main.o(i.MODBUS_Task)
    MODBUS_Task                              0x0800117d   Thumb Code    54  main.o(i.MODBUS_Task)
    i.MemManage_Handler                      0x080011d0   Section        0  stm32f4xx_it.o(i.MemManage_Handler)
    i.NMI_Handler                            0x080011d2   Section        0  stm32f4xx_it.o(i.NMI_Handler)
    i.NVIC_Init                              0x080011d4   Section        0  misc.o(i.NVIC_Init)
    i.NVIC_PriorityGroupConfig               0x08001238   Section        0  misc.o(i.NVIC_PriorityGroupConfig)
    i.RCC_AHB1PeriphClockCmd                 0x0800124c   Section        0  stm32f4xx_rcc.o(i.RCC_AHB1PeriphClockCmd)
    i.RCC_APB1PeriphClockCmd                 0x08001264   Section        0  stm32f4xx_rcc.o(i.RCC_APB1PeriphClockCmd)
    i.RCC_APB2PeriphClockCmd                 0x0800127c   Section        0  stm32f4xx_rcc.o(i.RCC_APB2PeriphClockCmd)
    i.RCC_APB2PeriphResetCmd                 0x08001294   Section        0  stm32f4xx_rcc.o(i.RCC_APB2PeriphResetCmd)
    i.RCC_GetClocksFreq                      0x080012ac   Section        0  stm32f4xx_rcc.o(i.RCC_GetClocksFreq)
    i.SDEnWideBus                            0x0800133c   Section        0  bsp_sdio_sd.o(i.SDEnWideBus)
    SDEnWideBus                              0x0800133d   Thumb Code   182  bsp_sdio_sd.o(i.SDEnWideBus)
    i.SDIO_ClearFlag                         0x080013fc   Section        0  stm32f4xx_sdio.o(i.SDIO_ClearFlag)
    i.SDIO_ClearITPendingBit                 0x08001408   Section        0  stm32f4xx_sdio.o(i.SDIO_ClearITPendingBit)
    i.SDIO_ClockCmd                          0x08001414   Section        0  stm32f4xx_sdio.o(i.SDIO_ClockCmd)
    i.SDIO_DMACmd                            0x08001420   Section        0  stm32f4xx_sdio.o(i.SDIO_DMACmd)
    i.SDIO_DataConfig                        0x0800142c   Section        0  stm32f4xx_sdio.o(i.SDIO_DataConfig)
    i.SDIO_DeInit                            0x0800145c   Section        0  stm32f4xx_sdio.o(i.SDIO_DeInit)
    i.SDIO_GetCommandResponse                0x08001474   Section        0  stm32f4xx_sdio.o(i.SDIO_GetCommandResponse)
    i.SDIO_GetFlagStatus                     0x08001480   Section        0  stm32f4xx_sdio.o(i.SDIO_GetFlagStatus)
    i.SDIO_GetITStatus                       0x08001494   Section        0  stm32f4xx_sdio.o(i.SDIO_GetITStatus)
    i.SDIO_GetPowerState                     0x080014a8   Section        0  stm32f4xx_sdio.o(i.SDIO_GetPowerState)
    i.SDIO_GetResponse                       0x080014b8   Section        0  stm32f4xx_sdio.o(i.SDIO_GetResponse)
    i.SDIO_IRQHandler                        0x080014c8   Section        0  bsp_sdio_sd.o(i.SDIO_IRQHandler)
    i.SDIO_ITConfig                          0x080014e8   Section        0  stm32f4xx_sdio.o(i.SDIO_ITConfig)
    i.SDIO_Init                              0x08001500   Section        0  stm32f4xx_sdio.o(i.SDIO_Init)
    i.SDIO_ReadData                          0x0800152c   Section        0  stm32f4xx_sdio.o(i.SDIO_ReadData)
    i.SDIO_SendCommand                       0x08001538   Section        0  stm32f4xx_sdio.o(i.SDIO_SendCommand)
    i.SDIO_SetPowerState                     0x08001560   Section        0  stm32f4xx_sdio.o(i.SDIO_SetPowerState)
    i.SD_EnableWideBusOperation              0x0800156c   Section        0  bsp_sdio_sd.o(i.SD_EnableWideBusOperation)
    i.SD_GetCardInfo                         0x080015e0   Section        0  bsp_sdio_sd.o(i.SD_GetCardInfo)
    i.SD_GetState                            0x08001844   Section        0  bsp_sdio_sd.o(i.SD_GetState)
    i.SD_GetStatus                           0x0800186c   Section        0  bsp_sdio_sd.o(i.SD_GetStatus)
    i.SD_Init                                0x08001888   Section        0  bsp_sdio_sd.o(i.SD_Init)
    i.SD_InitializeCards                     0x08001940   Section        0  bsp_sdio_sd.o(i.SD_InitializeCards)
    i.SD_LowLevel_DMA_RxConfig               0x08001a3c   Section        0  bsp_sdio_sd.o(i.SD_LowLevel_DMA_RxConfig)
    i.SD_LowLevel_DMA_TxConfig               0x08001ac4   Section        0  bsp_sdio_sd.o(i.SD_LowLevel_DMA_TxConfig)
    i.SD_LowLevel_Init                       0x08001b50   Section        0  bsp_sdio_sd.o(i.SD_LowLevel_Init)
    i.SD_PowerON                             0x08001bf4   Section        0  bsp_sdio_sd.o(i.SD_PowerON)
    i.SD_ProcessDMAIRQ                       0x08001dfc   Section        0  bsp_sdio_sd.o(i.SD_ProcessDMAIRQ)
    i.SD_ProcessIRQSrc                       0x08001e24   Section        0  bsp_sdio_sd.o(i.SD_ProcessIRQSrc)
    i.SD_ReadMultiBlocks                     0x08001eb4   Section        0  bsp_sdio_sd.o(i.SD_ReadMultiBlocks)
    i.SD_SelectDeselect                      0x08001f7c   Section        0  bsp_sdio_sd.o(i.SD_SelectDeselect)
    i.SD_SendStatus                          0x08001fa8   Section        0  bsp_sdio_sd.o(i.SD_SendStatus)
    i.SD_StopTransfer                        0x08001ff0   Section        0  bsp_sdio_sd.o(i.SD_StopTransfer)
    i.SD_WaitReadOperation                   0x08002018   Section        0  bsp_sdio_sd.o(i.SD_WaitReadOperation)
    i.SD_WaitWriteOperation                  0x08002080   Section        0  bsp_sdio_sd.o(i.SD_WaitWriteOperation)
    i.SD_WriteMultiBlocks                    0x080020e8   Section        0  bsp_sdio_sd.o(i.SD_WriteMultiBlocks)
    i.SetSysClock                            0x080021f8   Section        0  system_stm32f4xx.o(i.SetSysClock)
    SetSysClock                              0x080021f9   Thumb Code   162  system_stm32f4xx.o(i.SetSysClock)
    i.SysTick_Handler                        0x080022ac   Section        0  stm32f4xx_it.o(i.SysTick_Handler)
    i.SystemInit                             0x080022c0   Section        0  system_stm32f4xx.o(i.SystemInit)
    i.Test_Task                              0x0800231c   Section        0  main.o(i.Test_Task)
    Test_Task                                0x0800231d   Thumb Code    40  main.o(i.Test_Task)
    i.USART1_IRQHandler                      0x08002348   Section        0  stm32f4xx_it.o(i.USART1_IRQHandler)
    i.USART2_IRQHandler                      0x08002380   Section        0  stm32f4xx_it.o(i.USART2_IRQHandler)
    i.USART_Cmd                              0x080023b8   Section        0  stm32f4xx_usart.o(i.USART_Cmd)
    i.USART_DMACmd                           0x080023cc   Section        0  stm32f4xx_usart.o(i.USART_DMACmd)
    i.USART_GetFlagStatus                    0x080023dc   Section        0  stm32f4xx_usart.o(i.USART_GetFlagStatus)
    i.USART_GetITStatus                      0x080023ea   Section        0  stm32f4xx_usart.o(i.USART_GetITStatus)
    i.USART_ITConfig                         0x08002428   Section        0  stm32f4xx_usart.o(i.USART_ITConfig)
    i.USART_Init                             0x08002458   Section        0  stm32f4xx_usart.o(i.USART_Init)
    i.USART_ReceiveData                      0x08002504   Section        0  stm32f4xx_usart.o(i.USART_ReceiveData)
    i.USART_SendData                         0x0800250c   Section        0  stm32f4xx_usart.o(i.USART_SendData)
    i.Uart_Task                              0x08002514   Section        0  main.o(i.Uart_Task)
    Uart_Task                                0x08002515   Thumb Code    54  main.o(i.Uart_Task)
    i.UsageFault_Handler                     0x08002568   Section        0  stm32f4xx_it.o(i.UsageFault_Handler)
    i.__0printf$3                            0x0800256c   Section        0  printf3.o(i.__0printf$3)
    i.__scatterload_copy                     0x0800258c   Section       14  handlers.o(i.__scatterload_copy)
    i.__scatterload_null                     0x0800259a   Section        2  handlers.o(i.__scatterload_null)
    i.__scatterload_zeroinit                 0x0800259c   Section       14  handlers.o(i.__scatterload_zeroinit)
    i._printf_core                           0x080025ac   Section        0  printf3.o(i._printf_core)
    _printf_core                             0x080025ad   Thumb Code   436  printf3.o(i._printf_core)
    i.check_fs                               0x08002764   Section        0  ff.o(i.check_fs)
    check_fs                                 0x08002765   Thumb Code    86  ff.o(i.check_fs)
    i.chk_chr                                0x080027c0   Section        0  ff.o(i.chk_chr)
    chk_chr                                  0x080027c1   Thumb Code    16  ff.o(i.chk_chr)
    i.clust2sect                             0x080027d0   Section        0  ff.o(i.clust2sect)
    i.cmp_lfn                                0x080027e8   Section        0  ff.o(i.cmp_lfn)
    cmp_lfn                                  0x080027e9   Thumb Code   120  ff.o(i.cmp_lfn)
    i.create_chain                           0x08002864   Section        0  ff.o(i.create_chain)
    create_chain                             0x08002865   Thumb Code   158  ff.o(i.create_chain)
    i.create_name                            0x08002904   Section        0  ff.o(i.create_name)
    create_name                              0x08002905   Thumb Code   514  ff.o(i.create_name)
    i.dir_find                               0x08002b1c   Section        0  ff.o(i.dir_find)
    dir_find                                 0x08002b1d   Thumb Code   196  ff.o(i.dir_find)
    i.dir_next                               0x08002be0   Section        0  ff.o(i.dir_next)
    dir_next                                 0x08002be1   Thumb Code   250  ff.o(i.dir_next)
    i.dir_register                           0x08002cdc   Section        0  ff.o(i.dir_register)
    dir_register                             0x08002cdd   Thumb Code   406  ff.o(i.dir_register)
    i.dir_sdi                                0x08002e78   Section        0  ff.o(i.dir_sdi)
    dir_sdi                                  0x08002e79   Thumb Code   144  ff.o(i.dir_sdi)
    i.disk_initialize                        0x08002f08   Section        0  diskio.o(i.disk_initialize)
    i.disk_ioctl                             0x08002f1c   Section        0  diskio.o(i.disk_ioctl)
    i.disk_read                              0x08002f58   Section        0  diskio.o(i.disk_read)
    i.disk_status                            0x08002fd2   Section        0  diskio.o(i.disk_status)
    i.disk_write                             0x08002fde   Section        0  diskio.o(i.disk_write)
    i.f_close                                0x08003054   Section        0  ff.o(i.f_close)
    i.f_mkfs                                 0x08003078   Section        0  ff.o(i.f_mkfs)
    i.f_mount                                0x080035e8   Section        0  ff.o(i.f_mount)
    i.f_open                                 0x0800365c   Section        0  ff.o(i.f_open)
    i.f_sync                                 0x080037ac   Section        0  ff.o(i.f_sync)
    i.f_write                                0x08003856   Section        0  ff.o(i.f_write)
    i.ff_convert                             0x08003a24   Section        0  cc936.o(i.ff_convert)
    i.ff_cre_syncobj                         0x08003a70   Section        0  syscall.o(i.ff_cre_syncobj)
    i.ff_del_syncobj                         0x08003a84   Section        0  syscall.o(i.ff_del_syncobj)
    i.ff_rel_grant                           0x08003a8e   Section        0  syscall.o(i.ff_rel_grant)
    i.ff_req_grant                           0x08003a98   Section        0  syscall.o(i.ff_req_grant)
    i.ff_wtoupper                            0x08003ab0   Section        0  cc936.o(i.ff_wtoupper)
    i.find_volume                            0x08003b00   Section        0  ff.o(i.find_volume)
    find_volume                              0x08003b01   Thumb Code   610  ff.o(i.find_volume)
    i.follow_path                            0x08003d70   Section        0  ff.o(i.follow_path)
    follow_path                              0x08003d71   Thumb Code   102  ff.o(i.follow_path)
    i.fputc                                  0x08003dd8   Section        0  bsp_debug_usart.o(i.fputc)
    i.gen_numname                            0x08003dfc   Section        0  ff.o(i.gen_numname)
    gen_numname                              0x08003dfd   Thumb Code   134  ff.o(i.gen_numname)
    i.get_fat                                0x08003e88   Section        0  ff.o(i.get_fat)
    i.get_fattime                            0x08003f70   Section        0  diskio.o(i.get_fattime)
    i.get_ldnumber                           0x08003f78   Section        0  ff.o(i.get_ldnumber)
    get_ldnumber                             0x08003f79   Thumb Code    60  ff.o(i.get_ldnumber)
    i.ld_clust                               0x08003fb4   Section        0  ff.o(i.ld_clust)
    ld_clust                                 0x08003fb5   Thumb Code    18  ff.o(i.ld_clust)
    i.lock_fs                                0x08003fc6   Section        0  ff.o(i.lock_fs)
    lock_fs                                  0x08003fc7   Thumb Code     6  ff.o(i.lock_fs)
    i.main                                   0x08003fcc   Section        0  main.o(i.main)
    i.mem_cpy                                0x08004054   Section        0  ff.o(i.mem_cpy)
    mem_cpy                                  0x08004055   Thumb Code    16  ff.o(i.mem_cpy)
    i.mem_set                                0x08004064   Section        0  ff.o(i.mem_set)
    mem_set                                  0x08004065   Thumb Code    14  ff.o(i.mem_set)
    i.move_window                            0x08004072   Section        0  ff.o(i.move_window)
    move_window                              0x08004073   Thumb Code    50  ff.o(i.move_window)
    i.prvAddCurrentTaskToDelayedList         0x080040a4   Section        0  tasks.o(i.prvAddCurrentTaskToDelayedList)
    prvAddCurrentTaskToDelayedList           0x080040a5   Thumb Code   102  tasks.o(i.prvAddCurrentTaskToDelayedList)
    i.prvAddNewTaskToReadyList               0x08004114   Section        0  tasks.o(i.prvAddNewTaskToReadyList)
    prvAddNewTaskToReadyList                 0x08004115   Thumb Code   190  tasks.o(i.prvAddNewTaskToReadyList)
    i.prvCheckTasksWaitingTermination        0x080041e4   Section        0  tasks.o(i.prvCheckTasksWaitingTermination)
    prvCheckTasksWaitingTermination          0x080041e5   Thumb Code    74  tasks.o(i.prvCheckTasksWaitingTermination)
    i.prvCopyDataFromQueue                   0x08004238   Section        0  queue.o(i.prvCopyDataFromQueue)
    prvCopyDataFromQueue                     0x08004239   Thumb Code    38  queue.o(i.prvCopyDataFromQueue)
    i.prvCopyDataToQueue                     0x0800425e   Section        0  queue.o(i.prvCopyDataToQueue)
    prvCopyDataToQueue                       0x0800425f   Thumb Code   108  queue.o(i.prvCopyDataToQueue)
    i.prvDeleteTCB                           0x080042ca   Section        0  tasks.o(i.prvDeleteTCB)
    prvDeleteTCB                             0x080042cb   Thumb Code    20  tasks.o(i.prvDeleteTCB)
    i.prvHeapInit                            0x080042e0   Section        0  heap_4.o(i.prvHeapInit)
    prvHeapInit                              0x080042e1   Thumb Code    66  heap_4.o(i.prvHeapInit)
    i.prvIdleTask                            0x0800432c   Section        0  tasks.o(i.prvIdleTask)
    prvIdleTask                              0x0800432d   Thumb Code    30  tasks.o(i.prvIdleTask)
    i.prvInitialiseNewTask                   0x08004354   Section        0  tasks.o(i.prvInitialiseNewTask)
    prvInitialiseNewTask                     0x08004355   Thumb Code   142  tasks.o(i.prvInitialiseNewTask)
    i.prvInsertBlockIntoFreeList             0x08004410   Section        0  heap_4.o(i.prvInsertBlockIntoFreeList)
    prvInsertBlockIntoFreeList               0x08004411   Thumb Code    72  heap_4.o(i.prvInsertBlockIntoFreeList)
    i.prvIsQueueEmpty                        0x0800445c   Section        0  queue.o(i.prvIsQueueEmpty)
    prvIsQueueEmpty                          0x0800445d   Thumb Code    26  queue.o(i.prvIsQueueEmpty)
    i.prvResetNextTaskUnblockTime            0x08004478   Section        0  tasks.o(i.prvResetNextTaskUnblockTime)
    prvResetNextTaskUnblockTime              0x08004479   Thumb Code    26  tasks.o(i.prvResetNextTaskUnblockTime)
    i.prvTaskExitError                       0x08004498   Section        0  port.o(i.prvTaskExitError)
    prvTaskExitError                         0x08004499   Thumb Code    36  port.o(i.prvTaskExitError)
    i.prvUnlockQueue                         0x080044fc   Section        0  queue.o(i.prvUnlockQueue)
    prvUnlockQueue                           0x080044fd   Thumb Code   106  queue.o(i.prvUnlockQueue)
    i.put_fat                                0x08004566   Section        0  ff.o(i.put_fat)
    i.pvPortMalloc                           0x08004688   Section        0  heap_4.o(i.pvPortMalloc)
    i.pvTaskIncrementMutexHeldCount          0x0800479c   Section        0  tasks.o(i.pvTaskIncrementMutexHeldCount)
    i.pxPortInitialiseStack                  0x080047b4   Section        0  port.o(i.pxPortInitialiseStack)
    i.remove_chain                           0x080047e0   Section        0  ff.o(i.remove_chain)
    remove_chain                             0x080047e1   Thumb Code    98  ff.o(i.remove_chain)
    i.st_clust                               0x08004842   Section        0  ff.o(i.st_clust)
    st_clust                                 0x08004843   Thumb Code    16  ff.o(i.st_clust)
    i.sum_sfn                                0x08004852   Section        0  ff.o(i.sum_sfn)
    sum_sfn                                  0x08004853   Thumb Code    26  ff.o(i.sum_sfn)
    i.sync_fs                                0x0800486c   Section        0  ff.o(i.sync_fs)
    sync_fs                                  0x0800486d   Thumb Code   176  ff.o(i.sync_fs)
    i.sync_window                            0x0800491c   Section        0  ff.o(i.sync_window)
    sync_window                              0x0800491d   Thumb Code    82  ff.o(i.sync_window)
    i.unlock_fs                              0x0800496e   Section        0  ff.o(i.unlock_fs)
    unlock_fs                                0x0800496f   Thumb Code    28  ff.o(i.unlock_fs)
    i.uxListRemove                           0x0800498a   Section        0  list.o(i.uxListRemove)
    i.vListInitialise                        0x080049ae   Section        0  list.o(i.vListInitialise)
    i.vListInitialiseItem                    0x080049c4   Section        0  list.o(i.vListInitialiseItem)
    i.vListInsert                            0x080049ca   Section        0  list.o(i.vListInsert)
    i.vListInsertEnd                         0x080049fa   Section        0  list.o(i.vListInsertEnd)
    i.vPortEnterCritical                     0x08004a14   Section        0  port.o(i.vPortEnterCritical)
    i.vPortExitCritical                      0x08004a8c   Section        0  port.o(i.vPortExitCritical)
    i.vPortFree                              0x08004af0   Section        0  heap_4.o(i.vPortFree)
    i.vPortSetupTimerInterrupt               0x08004b8c   Section        0  port.o(i.vPortSetupTimerInterrupt)
    i.vPortValidateInterruptPriority         0x08004bac   Section        0  port.o(i.vPortValidateInterruptPriority)
    i.vQueueDelete                           0x08004c38   Section        0  queue.o(i.vQueueDelete)
    i.vQueueUnregisterQueue                  0x08004c88   Section        0  queue.o(i.vQueueUnregisterQueue)
    i.vTaskDelay                             0x08004cb0   Section        0  tasks.o(i.vTaskDelay)
    i.vTaskDelete                            0x08004d24   Section        0  tasks.o(i.vTaskDelete)
    i.vTaskMissedYield                       0x08004df8   Section        0  tasks.o(i.vTaskMissedYield)
    i.vTaskPlaceOnEventList                  0x08004e04   Section        0  tasks.o(i.vTaskPlaceOnEventList)
    i.vTaskPriorityInherit                   0x08004e60   Section        0  tasks.o(i.vTaskPriorityInherit)
    i.vTaskSetTimeOutState                   0x08004ee4   Section        0  tasks.o(i.vTaskSetTimeOutState)
    i.vTaskStartScheduler                    0x08004f34   Section        0  tasks.o(i.vTaskStartScheduler)
    i.vTaskSuspendAll                        0x08004fc8   Section        0  tasks.o(i.vTaskSuspendAll)
    i.vTaskSwitchContext                     0x08004fd8   Section        0  tasks.o(i.vTaskSwitchContext)
    i.validate                               0x0800505c   Section        0  ff.o(i.validate)
    validate                                 0x0800505d   Thumb Code    52  ff.o(i.validate)
    i.xPortStartScheduler                    0x08005090   Section        0  port.o(i.xPortStartScheduler)
    i.xPortSysTickHandler                    0x080051a4   Section        0  port.o(i.xPortSysTickHandler)
    i.xQueueCreateMutex                      0x080051d0   Section        0  queue.o(i.xQueueCreateMutex)
    i.xQueueGenericCreate                    0x080051f4   Section        0  queue.o(i.xQueueGenericCreate)
    i.xQueueGenericReceive                   0x08005264   Section        0  queue.o(i.xQueueGenericReceive)
    i.xQueueGenericReset                     0x080053f0   Section        0  queue.o(i.xQueueGenericReset)
    i.xQueueGenericSend                      0x080054a0   Section        0  queue.o(i.xQueueGenericSend)
    i.xQueueGiveFromISR                      0x0800561c   Section        0  queue.o(i.xQueueGiveFromISR)
    i.xTaskCheckForTimeOut                   0x080056d8   Section        0  tasks.o(i.xTaskCheckForTimeOut)
    i.xTaskCreate                            0x08005768   Section        0  tasks.o(i.xTaskCreate)
    i.xTaskGetSchedulerState                 0x080057c0   Section        0  tasks.o(i.xTaskGetSchedulerState)
    i.xTaskIncrementTick                     0x080057dc   Section        0  tasks.o(i.xTaskIncrementTick)
    i.xTaskPriorityDisinherit                0x080058cc   Section        0  tasks.o(i.xTaskPriorityDisinherit)
    i.xTaskRemoveFromEventList               0x08005988   Section        0  tasks.o(i.xTaskRemoveFromEventList)
    i.xTaskResumeAll                         0x08005a28   Section        0  tasks.o(i.xTaskResumeAll)
    .constdata                               0x08005b14   Section       58  ff.o(.constdata)
    LfnOfs                                   0x08005b14   Data          13  ff.o(.constdata)
    vst                                      0x08005b22   Data          22  ff.o(.constdata)
    cst                                      0x08005b38   Data          22  ff.o(.constdata)
    .constdata                               0x08005b4e   Section    176320  cc936.o(.constdata)
    uni2oem                                  0x08005b4e   Data       87172  cc936.o(.constdata)
    oem2uni                                  0x0801afd2   Data       87172  cc936.o(.constdata)
    lower                                    0x08030456   Data         988  cc936.o(.constdata)
    upper                                    0x08030832   Data         988  cc936.o(.constdata)
    .data                                    0x20000000   Section       20  system_stm32f4xx.o(.data)
    .data                                    0x20000014   Section       16  stm32f4xx_rcc.o(.data)
    APBAHBPrescTable                         0x20000014   Data          16  stm32f4xx_rcc.o(.data)
    .data                                    0x20000024   Section       24  main.o(.data)
    AppTaskCreate_Handle                     0x20000024   Data           4  main.o(.data)
    Test_Task_Handle                         0x20000028   Data           4  main.o(.data)
    MODBUS_Task_Handle                       0x2000002c   Data           4  main.o(.data)
    Uart_Task_Handle                         0x20000030   Data           4  main.o(.data)
    .data                                    0x2000003c   Section       24  bsp_sdio_sd.o(.data)
    CardType                                 0x20000040   Data           4  bsp_sdio_sd.o(.data)
    RCA                                      0x20000044   Data           4  bsp_sdio_sd.o(.data)
    .data                                    0x20000054   Section       76  fatfs_test.o(.data)
    .data                                    0x200000a0   Section       12  ff.o(.data)
    Fsid                                     0x200000a0   Data           2  ff.o(.data)
    FatFs                                    0x200000a4   Data           8  ff.o(.data)
    .data                                    0x200000ac   Section       60  tasks.o(.data)
    uxDeletedTasksWaitingCleanUp             0x200000b0   Data           4  tasks.o(.data)
    uxCurrentNumberOfTasks                   0x200000b4   Data           4  tasks.o(.data)
    xTickCount                               0x200000b8   Data           4  tasks.o(.data)
    uxTopReadyPriority                       0x200000bc   Data           4  tasks.o(.data)
    xSchedulerRunning                        0x200000c0   Data           4  tasks.o(.data)
    uxPendedTicks                            0x200000c4   Data           4  tasks.o(.data)
    xYieldPending                            0x200000c8   Data           4  tasks.o(.data)
    xNumOfOverflows                          0x200000cc   Data           4  tasks.o(.data)
    uxTaskNumber                             0x200000d0   Data           4  tasks.o(.data)
    xNextTaskUnblockTime                     0x200000d4   Data           4  tasks.o(.data)
    xIdleTaskHandle                          0x200000d8   Data           4  tasks.o(.data)
    uxSchedulerSuspended                     0x200000dc   Data           4  tasks.o(.data)
    pxDelayedTaskList                        0x200000e0   Data           4  tasks.o(.data)
    pxOverflowDelayedTaskList                0x200000e4   Data           4  tasks.o(.data)
    .data                                    0x200000e8   Section       24  heap_4.o(.data)
    pxEnd                                    0x200000e8   Data           4  heap_4.o(.data)
    xFreeBytesRemaining                      0x200000ec   Data           4  heap_4.o(.data)
    xMinimumEverFreeBytesRemaining           0x200000f0   Data           4  heap_4.o(.data)
    xBlockAllocatedBit                       0x200000f4   Data           4  heap_4.o(.data)
    xStart                                   0x200000f8   Data           8  heap_4.o(.data)
    .data                                    0x20000100   Section       12  port.o(.data)
    ucMaxSysCallPriority                     0x20000100   Data           1  port.o(.data)
    uxCriticalNesting                        0x20000104   Data           4  port.o(.data)
    ulMaxPRIGROUPValue                       0x20000108   Data           4  port.o(.data)
    .data                                    0x2000010c   Section        4  stdout.o(.data)
    .bss                                     0x20000110   Section     1000  bsp_debug_usart.o(.bss)
    .bss                                     0x200004f8   Section      204  bsp_sdio_sd.o(.bss)
    CSD_Tab                                  0x200004f8   Data          16  bsp_sdio_sd.o(.bss)
    CID_Tab                                  0x20000508   Data          16  bsp_sdio_sd.o(.bss)
    SDSTATUS_Tab                             0x20000518   Data          16  bsp_sdio_sd.o(.bss)
    .bss                                     0x200005c4   Section     8280  fatfs_test.o(.bss)
    .bss                                     0x2000261c   Section     1000  bsp_modbus_usart.o(.bss)
    .bss                                     0x20002a04   Section       80  queue.o(.bss)
    .bss                                     0x20002a54   Section      740  tasks.o(.bss)
    pxReadyTasksLists                        0x20002a54   Data         640  tasks.o(.bss)
    xDelayedTaskList1                        0x20002cd4   Data          20  tasks.o(.bss)
    xDelayedTaskList2                        0x20002ce8   Data          20  tasks.o(.bss)
    xPendingReadyList                        0x20002cfc   Data          20  tasks.o(.bss)
    xTasksWaitingTermination                 0x20002d10   Data          20  tasks.o(.bss)
    xSuspendedTaskList                       0x20002d24   Data          20  tasks.o(.bss)
    .bss                                     0x20002d38   Section    36864  heap_4.o(.bss)
    ucHeap                                   0x20002d38   Data       36864  heap_4.o(.bss)
    STACK                                    0x2000bd38   Section     1024  startup_stm32f40xx.o(STACK)

    Global Symbols

    Symbol Name                              Value     Ov Type        Size  Object(Section)

    BuildAttributes$$THM_ISAv4$E$P$D$K$B$S$7EM$VFPi3$EXTD16$VFPS$VFMA$PE$A:L22UL41UL21$X:L11$S22US41US21$IEEE1$IW$USESV6$~STKCKD$USESV7$~SHL$OSPACE$ROPI$EBA8$MICROLIB$REQ8$PRES8$EABIv2 0x00000000   Number         0  anon$$obj.o ABSOLUTE
    __ARM_use_no_argv                        0x00000000   Number         0  main.o ABSOLUTE
    _printf_a                                0x00000000   Number         0  stubs.o ABSOLUTE
    _printf_c                                0x00000000   Number         0  stubs.o ABSOLUTE
    _printf_charcount                        0x00000000   Number         0  stubs.o ABSOLUTE
    _printf_d                                0x00000000   Number         0  stubs.o ABSOLUTE
    _printf_e                                0x00000000   Number         0  stubs.o ABSOLUTE
    _printf_f                                0x00000000   Number         0  stubs.o ABSOLUTE
    _printf_flags                            0x00000000   Number         0  stubs.o ABSOLUTE
    _printf_fp_dec                           0x00000000   Number         0  stubs.o ABSOLUTE
    _printf_fp_hex                           0x00000000   Number         0  stubs.o ABSOLUTE
    _printf_g                                0x00000000   Number         0  stubs.o ABSOLUTE
    _printf_i                                0x00000000   Number         0  stubs.o ABSOLUTE
    _printf_int_dec                          0x00000000   Number         0  stubs.o ABSOLUTE
    _printf_l                                0x00000000   Number         0  stubs.o ABSOLUTE
    _printf_lc                               0x00000000   Number         0  stubs.o ABSOLUTE
    _printf_ll                               0x00000000   Number         0  stubs.o ABSOLUTE
    _printf_lld                              0x00000000   Number         0  stubs.o ABSOLUTE
    _printf_lli                              0x00000000   Number         0  stubs.o ABSOLUTE
    _printf_llo                              0x00000000   Number         0  stubs.o ABSOLUTE
    _printf_llu                              0x00000000   Number         0  stubs.o ABSOLUTE
    _printf_llx                              0x00000000   Number         0  stubs.o ABSOLUTE
    _printf_longlong_dec                     0x00000000   Number         0  stubs.o ABSOLUTE
    _printf_longlong_hex                     0x00000000   Number         0  stubs.o ABSOLUTE
    _printf_longlong_oct                     0x00000000   Number         0  stubs.o ABSOLUTE
    _printf_ls                               0x00000000   Number         0  stubs.o ABSOLUTE
    _printf_mbtowc                           0x00000000   Number         0  stubs.o ABSOLUTE
    _printf_n                                0x00000000   Number         0  stubs.o ABSOLUTE
    _printf_o                                0x00000000   Number         0  stubs.o ABSOLUTE
    _printf_p                                0x00000000   Number         0  stubs.o ABSOLUTE
    _printf_percent                          0x00000000   Number         0  stubs.o ABSOLUTE
    _printf_pre_padding                      0x00000000   Number         0  stubs.o ABSOLUTE
    _printf_return_value                     0x00000000   Number         0  stubs.o ABSOLUTE
    _printf_s                                0x00000000   Number         0  stubs.o ABSOLUTE
    _printf_sizespec                         0x00000000   Number         0  stubs.o ABSOLUTE
    _printf_str                              0x00000000   Number         0  stubs.o ABSOLUTE
    _printf_truncate_signed                  0x00000000   Number         0  stubs.o ABSOLUTE
    _printf_truncate_unsigned                0x00000000   Number         0  stubs.o ABSOLUTE
    _printf_u                                0x00000000   Number         0  stubs.o ABSOLUTE
    _printf_wc                               0x00000000   Number         0  stubs.o ABSOLUTE
    _printf_wctomb                           0x00000000   Number         0  stubs.o ABSOLUTE
    _printf_widthprec                        0x00000000   Number         0  stubs.o ABSOLUTE
    _printf_x                                0x00000000   Number         0  stubs.o ABSOLUTE
    __cpp_initialize__aeabi_                  - Undefined Weak Reference
    __cxa_finalize                            - Undefined Weak Reference
    __decompress                              - Undefined Weak Reference
    _clock_init                               - Undefined Weak Reference
    _microlib_exit                            - Undefined Weak Reference
    __Vectors_Size                           0x00000188   Number         0  startup_stm32f40xx.o ABSOLUTE
    __Vectors                                0x08000000   Data           4  startup_stm32f40xx.o(RESET)
    __Vectors_End                            0x08000188   Data           0  startup_stm32f40xx.o(RESET)
    __main                                   0x08000189   Thumb Code     0  entry.o(.ARM.Collect$$$$00000000)
    _main_stk                                0x08000189   Thumb Code     0  entry2.o(.ARM.Collect$$$$00000001)
    _main_scatterload                        0x0800018d   Thumb Code     0  entry5.o(.ARM.Collect$$$$00000004)
    __main_after_scatterload                 0x08000191   Thumb Code     0  entry5.o(.ARM.Collect$$$$00000004)
    _main_clock                              0x08000191   Thumb Code     0  entry7b.o(.ARM.Collect$$$$00000008)
    _main_cpp_init                           0x08000191   Thumb Code     0  entry8b.o(.ARM.Collect$$$$0000000A)
    _main_init                               0x08000191   Thumb Code     0  entry9a.o(.ARM.Collect$$$$0000000B)
    __rt_final_cpp                           0x08000199   Thumb Code     0  entry10a.o(.ARM.Collect$$$$0000000D)
    __rt_final_exit                          0x08000199   Thumb Code     0  entry11a.o(.ARM.Collect$$$$0000000F)
    SVC_Handler                              0x0800019d   Thumb Code    28  port.o(.emb_text)
    __asm___6_port_c_39a90d8d__prvStartFirstTask 0x080001bd   Thumb Code    28  port.o(.emb_text)
    __asm___6_port_c_39a90d8d__prvEnableVFP  0x080001dd   Thumb Code    16  port.o(.emb_text)
    PendSV_Handler                           0x080001f1   Thumb Code    88  port.o(.emb_text)
    vPortGetIPSR                             0x0800024d   Thumb Code     6  port.o(.emb_text)
    Reset_Handler                            0x08000255   Thumb Code     8  startup_stm32f40xx.o(.text)
    ADC_IRQHandler                           0x0800026f   Thumb Code     0  startup_stm32f40xx.o(.text)
    CAN1_RX0_IRQHandler                      0x0800026f   Thumb Code     0  startup_stm32f40xx.o(.text)
    CAN1_RX1_IRQHandler                      0x0800026f   Thumb Code     0  startup_stm32f40xx.o(.text)
    CAN1_SCE_IRQHandler                      0x0800026f   Thumb Code     0  startup_stm32f40xx.o(.text)
    CAN1_TX_IRQHandler                       0x0800026f   Thumb Code     0  startup_stm32f40xx.o(.text)
    CAN2_RX0_IRQHandler                      0x0800026f   Thumb Code     0  startup_stm32f40xx.o(.text)
    CAN2_RX1_IRQHandler                      0x0800026f   Thumb Code     0  startup_stm32f40xx.o(.text)
    CAN2_SCE_IRQHandler                      0x0800026f   Thumb Code     0  startup_stm32f40xx.o(.text)
    CAN2_TX_IRQHandler                       0x0800026f   Thumb Code     0  startup_stm32f40xx.o(.text)
    CRYP_IRQHandler                          0x0800026f   Thumb Code     0  startup_stm32f40xx.o(.text)
    DCMI_IRQHandler                          0x0800026f   Thumb Code     0  startup_stm32f40xx.o(.text)
    DMA1_Stream0_IRQHandler                  0x0800026f   Thumb Code     0  startup_stm32f40xx.o(.text)
    DMA1_Stream1_IRQHandler                  0x0800026f   Thumb Code     0  startup_stm32f40xx.o(.text)
    DMA1_Stream2_IRQHandler                  0x0800026f   Thumb Code     0  startup_stm32f40xx.o(.text)
    DMA1_Stream3_IRQHandler                  0x0800026f   Thumb Code     0  startup_stm32f40xx.o(.text)
    DMA1_Stream4_IRQHandler                  0x0800026f   Thumb Code     0  startup_stm32f40xx.o(.text)
    DMA1_Stream5_IRQHandler                  0x0800026f   Thumb Code     0  startup_stm32f40xx.o(.text)
    DMA1_Stream6_IRQHandler                  0x0800026f   Thumb Code     0  startup_stm32f40xx.o(.text)
    DMA1_Stream7_IRQHandler                  0x0800026f   Thumb Code     0  startup_stm32f40xx.o(.text)
    DMA2_Stream0_IRQHandler                  0x0800026f   Thumb Code     0  startup_stm32f40xx.o(.text)
    DMA2_Stream1_IRQHandler                  0x0800026f   Thumb Code     0  startup_stm32f40xx.o(.text)
    DMA2_Stream2_IRQHandler                  0x0800026f   Thumb Code     0  startup_stm32f40xx.o(.text)
    DMA2_Stream4_IRQHandler                  0x0800026f   Thumb Code     0  startup_stm32f40xx.o(.text)
    DMA2_Stream5_IRQHandler                  0x0800026f   Thumb Code     0  startup_stm32f40xx.o(.text)
    DMA2_Stream6_IRQHandler                  0x0800026f   Thumb Code     0  startup_stm32f40xx.o(.text)
    DMA2_Stream7_IRQHandler                  0x0800026f   Thumb Code     0  startup_stm32f40xx.o(.text)
    ETH_IRQHandler                           0x0800026f   Thumb Code     0  startup_stm32f40xx.o(.text)
    ETH_WKUP_IRQHandler                      0x0800026f   Thumb Code     0  startup_stm32f40xx.o(.text)
    EXTI0_IRQHandler                         0x0800026f   Thumb Code     0  startup_stm32f40xx.o(.text)
    EXTI15_10_IRQHandler                     0x0800026f   Thumb Code     0  startup_stm32f40xx.o(.text)
    EXTI1_IRQHandler                         0x0800026f   Thumb Code     0  startup_stm32f40xx.o(.text)
    EXTI2_IRQHandler                         0x0800026f   Thumb Code     0  startup_stm32f40xx.o(.text)
    EXTI3_IRQHandler                         0x0800026f   Thumb Code     0  startup_stm32f40xx.o(.text)
    EXTI4_IRQHandler                         0x0800026f   Thumb Code     0  startup_stm32f40xx.o(.text)
    EXTI9_5_IRQHandler                       0x0800026f   Thumb Code     0  startup_stm32f40xx.o(.text)
    FLASH_IRQHandler                         0x0800026f   Thumb Code     0  startup_stm32f40xx.o(.text)
    FPU_IRQHandler                           0x0800026f   Thumb Code     0  startup_stm32f40xx.o(.text)
    FSMC_IRQHandler                          0x0800026f   Thumb Code     0  startup_stm32f40xx.o(.text)
    HASH_RNG_IRQHandler                      0x0800026f   Thumb Code     0  startup_stm32f40xx.o(.text)
    I2C1_ER_IRQHandler                       0x0800026f   Thumb Code     0  startup_stm32f40xx.o(.text)
    I2C1_EV_IRQHandler                       0x0800026f   Thumb Code     0  startup_stm32f40xx.o(.text)
    I2C2_ER_IRQHandler                       0x0800026f   Thumb Code     0  startup_stm32f40xx.o(.text)
    I2C2_EV_IRQHandler                       0x0800026f   Thumb Code     0  startup_stm32f40xx.o(.text)
    I2C3_ER_IRQHandler                       0x0800026f   Thumb Code     0  startup_stm32f40xx.o(.text)
    I2C3_EV_IRQHandler                       0x0800026f   Thumb Code     0  startup_stm32f40xx.o(.text)
    OTG_FS_IRQHandler                        0x0800026f   Thumb Code     0  startup_stm32f40xx.o(.text)
    OTG_FS_WKUP_IRQHandler                   0x0800026f   Thumb Code     0  startup_stm32f40xx.o(.text)
    OTG_HS_EP1_IN_IRQHandler                 0x0800026f   Thumb Code     0  startup_stm32f40xx.o(.text)
    OTG_HS_EP1_OUT_IRQHandler                0x0800026f   Thumb Code     0  startup_stm32f40xx.o(.text)
    OTG_HS_IRQHandler                        0x0800026f   Thumb Code     0  startup_stm32f40xx.o(.text)
    OTG_HS_WKUP_IRQHandler                   0x0800026f   Thumb Code     0  startup_stm32f40xx.o(.text)
    PVD_IRQHandler                           0x0800026f   Thumb Code     0  startup_stm32f40xx.o(.text)
    RCC_IRQHandler                           0x0800026f   Thumb Code     0  startup_stm32f40xx.o(.text)
    RTC_Alarm_IRQHandler                     0x0800026f   Thumb Code     0  startup_stm32f40xx.o(.text)
    RTC_WKUP_IRQHandler                      0x0800026f   Thumb Code     0  startup_stm32f40xx.o(.text)
    SPI1_IRQHandler                          0x0800026f   Thumb Code     0  startup_stm32f40xx.o(.text)
    SPI2_IRQHandler                          0x0800026f   Thumb Code     0  startup_stm32f40xx.o(.text)
    SPI3_IRQHandler                          0x0800026f   Thumb Code     0  startup_stm32f40xx.o(.text)
    TAMP_STAMP_IRQHandler                    0x0800026f   Thumb Code     0  startup_stm32f40xx.o(.text)
    TIM1_BRK_TIM9_IRQHandler                 0x0800026f   Thumb Code     0  startup_stm32f40xx.o(.text)
    TIM1_CC_IRQHandler                       0x0800026f   Thumb Code     0  startup_stm32f40xx.o(.text)
    TIM1_TRG_COM_TIM11_IRQHandler            0x0800026f   Thumb Code     0  startup_stm32f40xx.o(.text)
    TIM1_UP_TIM10_IRQHandler                 0x0800026f   Thumb Code     0  startup_stm32f40xx.o(.text)
    TIM2_IRQHandler                          0x0800026f   Thumb Code     0  startup_stm32f40xx.o(.text)
    TIM3_IRQHandler                          0x0800026f   Thumb Code     0  startup_stm32f40xx.o(.text)
    TIM4_IRQHandler                          0x0800026f   Thumb Code     0  startup_stm32f40xx.o(.text)
    TIM5_IRQHandler                          0x0800026f   Thumb Code     0  startup_stm32f40xx.o(.text)
    TIM6_DAC_IRQHandler                      0x0800026f   Thumb Code     0  startup_stm32f40xx.o(.text)
    TIM7_IRQHandler                          0x0800026f   Thumb Code     0  startup_stm32f40xx.o(.text)
    TIM8_BRK_TIM12_IRQHandler                0x0800026f   Thumb Code     0  startup_stm32f40xx.o(.text)
    TIM8_CC_IRQHandler                       0x0800026f   Thumb Code     0  startup_stm32f40xx.o(.text)
    TIM8_TRG_COM_TIM14_IRQHandler            0x0800026f   Thumb Code     0  startup_stm32f40xx.o(.text)
    TIM8_UP_TIM13_IRQHandler                 0x0800026f   Thumb Code     0  startup_stm32f40xx.o(.text)
    UART4_IRQHandler                         0x0800026f   Thumb Code     0  startup_stm32f40xx.o(.text)
    UART5_IRQHandler                         0x0800026f   Thumb Code     0  startup_stm32f40xx.o(.text)
    USART3_IRQHandler                        0x0800026f   Thumb Code     0  startup_stm32f40xx.o(.text)
    USART6_IRQHandler                        0x0800026f   Thumb Code     0  startup_stm32f40xx.o(.text)
    WWDG_IRQHandler                          0x0800026f   Thumb Code     0  startup_stm32f40xx.o(.text)
    __aeabi_uldivmod                         0x08000279   Thumb Code    98  uldiv.o(.text)
    __aeabi_memcpy                           0x080002db   Thumb Code    36  memcpya.o(.text)
    __aeabi_memcpy4                          0x080002db   Thumb Code     0  memcpya.o(.text)
    __aeabi_memcpy8                          0x080002db   Thumb Code     0  memcpya.o(.text)
    __aeabi_memset                           0x080002ff   Thumb Code    14  memseta.o(.text)
    __aeabi_memset4                          0x080002ff   Thumb Code     0  memseta.o(.text)
    __aeabi_memset8                          0x080002ff   Thumb Code     0  memseta.o(.text)
    __aeabi_memclr                           0x0800030d   Thumb Code     4  memseta.o(.text)
    __aeabi_memclr4                          0x0800030d   Thumb Code     0  memseta.o(.text)
    __aeabi_memclr8                          0x0800030d   Thumb Code     0  memseta.o(.text)
    _memset$wrapper                          0x08000311   Thumb Code    18  memseta.o(.text)
    __aeabi_uidiv                            0x08000323   Thumb Code     0  uidiv.o(.text)
    __aeabi_uidivmod                         0x08000323   Thumb Code    44  uidiv.o(.text)
    __aeabi_llsl                             0x0800034f   Thumb Code    30  llshl.o(.text)
    _ll_shift_l                              0x0800034f   Thumb Code     0  llshl.o(.text)
    __aeabi_llsr                             0x0800036d   Thumb Code    32  llushr.o(.text)
    _ll_ushift_r                             0x0800036d   Thumb Code     0  llushr.o(.text)
    __scatterload                            0x0800038d   Thumb Code    28  init.o(.text)
    __scatterload_rt2                        0x0800038d   Thumb Code     0  init.o(.text)
    BusFault_Handler                         0x08000531   Thumb Code     2  stm32f4xx_it.o(i.BusFault_Handler)
    DMA2_Stream3_IRQHandler                  0x080006c1   Thumb Code    30  bsp_sdio_sd.o(i.DMA2_Stream3_IRQHandler)
    DMA_ClearFlag                            0x080006e1   Thumb Code    32  stm32f4xx_dma.o(i.DMA_ClearFlag)
    DMA_Cmd                                  0x0800070d   Thumb Code    20  stm32f4xx_dma.o(i.DMA_Cmd)
    DMA_DeInit                               0x08000721   Thumb Code   272  stm32f4xx_dma.o(i.DMA_DeInit)
    DMA_FlowControllerConfig                 0x08000845   Thumb Code    20  stm32f4xx_dma.o(i.DMA_FlowControllerConfig)
    DMA_ITConfig                             0x08000859   Thumb Code    44  stm32f4xx_dma.o(i.DMA_ITConfig)
    DMA_Init                                 0x08000885   Thumb Code    80  stm32f4xx_dma.o(i.DMA_Init)
    DMA_SetCurrDataCounter                   0x080008d9   Thumb Code     4  stm32f4xx_dma.o(i.DMA_SetCurrDataCounter)
    DebugMon_Handler                         0x080008dd   Thumb Code     2  stm32f4xx_it.o(i.DebugMon_Handler)
    Debug_DMA_Config                         0x080008e1   Thumb Code   114  bsp_debug_usart.o(i.Debug_DMA_Config)
    Debug_DMA_Rx_Data                        0x08000961   Thumb Code    72  bsp_debug_usart.o(i.Debug_DMA_Rx_Data)
    Debug_USART_Config                       0x080009b5   Thumb Code   190  bsp_debug_usart.o(i.Debug_USART_Config)
    FileSystem_Init                          0x08000a7d   Thumb Code   122  fatfs_test.o(i.FileSystem_Init)
    FileSystem_Test                          0x08000bf9   Thumb Code   102  fatfs_test.o(i.FileSystem_Test)
    GPIO_Init                                0x08000ea1   Thumb Code   120  stm32f4xx_gpio.o(i.GPIO_Init)
    GPIO_PinAFConfig                         0x08000f19   Thumb Code    32  stm32f4xx_gpio.o(i.GPIO_PinAFConfig)
    HardFault_Handler                        0x08000f39   Thumb Code     2  stm32f4xx_it.o(i.HardFault_Handler)
    Key_GPIO_Config                          0x08000f3d   Thumb Code    48  bsp_key.o(i.Key_GPIO_Config)
    LED_GPIO_Config                          0x08000f71   Thumb Code   108  bsp_led.o(i.LED_GPIO_Config)
    MODBUS1_DMA_Config                       0x08000fe1   Thumb Code   114  bsp_modbus_usart.o(i.MODBUS1_DMA_Config)
    MODBUS1_DMA_Rx_Data                      0x08001061   Thumb Code    72  bsp_modbus_usart.o(i.MODBUS1_DMA_Rx_Data)
    MODBUS1_USART_Config                     0x080010b5   Thumb Code   190  bsp_modbus_usart.o(i.MODBUS1_USART_Config)
    MemManage_Handler                        0x080011d1   Thumb Code     2  stm32f4xx_it.o(i.MemManage_Handler)
    NMI_Handler                              0x080011d3   Thumb Code     2  stm32f4xx_it.o(i.NMI_Handler)
    NVIC_Init                                0x080011d5   Thumb Code    96  misc.o(i.NVIC_Init)
    NVIC_PriorityGroupConfig                 0x08001239   Thumb Code    10  misc.o(i.NVIC_PriorityGroupConfig)
    RCC_AHB1PeriphClockCmd                   0x0800124d   Thumb Code    18  stm32f4xx_rcc.o(i.RCC_AHB1PeriphClockCmd)
    RCC_APB1PeriphClockCmd                   0x08001265   Thumb Code    18  stm32f4xx_rcc.o(i.RCC_APB1PeriphClockCmd)
    RCC_APB2PeriphClockCmd                   0x0800127d   Thumb Code    18  stm32f4xx_rcc.o(i.RCC_APB2PeriphClockCmd)
    RCC_APB2PeriphResetCmd                   0x08001295   Thumb Code    18  stm32f4xx_rcc.o(i.RCC_APB2PeriphResetCmd)
    RCC_GetClocksFreq                        0x080012ad   Thumb Code   132  stm32f4xx_rcc.o(i.RCC_GetClocksFreq)
    SDIO_ClearFlag                           0x080013fd   Thumb Code     6  stm32f4xx_sdio.o(i.SDIO_ClearFlag)
    SDIO_ClearITPendingBit                   0x08001409   Thumb Code     6  stm32f4xx_sdio.o(i.SDIO_ClearITPendingBit)
    SDIO_ClockCmd                            0x08001415   Thumb Code     8  stm32f4xx_sdio.o(i.SDIO_ClockCmd)
    SDIO_DMACmd                              0x08001421   Thumb Code     6  stm32f4xx_sdio.o(i.SDIO_DMACmd)
    SDIO_DataConfig                          0x0800142d   Thumb Code    42  stm32f4xx_sdio.o(i.SDIO_DataConfig)
    SDIO_DeInit                              0x0800145d   Thumb Code    24  stm32f4xx_sdio.o(i.SDIO_DeInit)
    SDIO_GetCommandResponse                  0x08001475   Thumb Code     8  stm32f4xx_sdio.o(i.SDIO_GetCommandResponse)
    SDIO_GetFlagStatus                       0x08001481   Thumb Code    16  stm32f4xx_sdio.o(i.SDIO_GetFlagStatus)
    SDIO_GetITStatus                         0x08001495   Thumb Code    16  stm32f4xx_sdio.o(i.SDIO_GetITStatus)
    SDIO_GetPowerState                       0x080014a9   Thumb Code    10  stm32f4xx_sdio.o(i.SDIO_GetPowerState)
    SDIO_GetResponse                         0x080014b9   Thumb Code    12  stm32f4xx_sdio.o(i.SDIO_GetResponse)
    SDIO_IRQHandler                          0x080014c9   Thumb Code    30  bsp_sdio_sd.o(i.SDIO_IRQHandler)
    SDIO_ITConfig                            0x080014e9   Thumb Code    18  stm32f4xx_sdio.o(i.SDIO_ITConfig)
    SDIO_Init                                0x08001501   Thumb Code    40  stm32f4xx_sdio.o(i.SDIO_Init)
    SDIO_ReadData                            0x0800152d   Thumb Code     6  stm32f4xx_sdio.o(i.SDIO_ReadData)
    SDIO_SendCommand                         0x08001539   Thumb Code    36  stm32f4xx_sdio.o(i.SDIO_SendCommand)
    SDIO_SetPowerState                       0x08001561   Thumb Code     6  stm32f4xx_sdio.o(i.SDIO_SetPowerState)
    SD_EnableWideBusOperation                0x0800156d   Thumb Code   106  bsp_sdio_sd.o(i.SD_EnableWideBusOperation)
    SD_GetCardInfo                           0x080015e1   Thumb Code   604  bsp_sdio_sd.o(i.SD_GetCardInfo)
    SD_GetState                              0x08001845   Thumb Code    40  bsp_sdio_sd.o(i.SD_GetState)
    SD_GetStatus                             0x0800186d   Thumb Code    26  bsp_sdio_sd.o(i.SD_GetStatus)
    SD_Init                                  0x08001889   Thumb Code   178  bsp_sdio_sd.o(i.SD_Init)
    SD_InitializeCards                       0x08001941   Thumb Code   244  bsp_sdio_sd.o(i.SD_InitializeCards)
    SD_LowLevel_DMA_RxConfig                 0x08001a3d   Thumb Code   128  bsp_sdio_sd.o(i.SD_LowLevel_DMA_RxConfig)
    SD_LowLevel_DMA_TxConfig                 0x08001ac5   Thumb Code   130  bsp_sdio_sd.o(i.SD_LowLevel_DMA_TxConfig)
    SD_LowLevel_Init                         0x08001b51   Thumb Code   156  bsp_sdio_sd.o(i.SD_LowLevel_Init)
    SD_PowerON                               0x08001bf5   Thumb Code   504  bsp_sdio_sd.o(i.SD_PowerON)
    SD_ProcessDMAIRQ                         0x08001dfd   Thumb Code    30  bsp_sdio_sd.o(i.SD_ProcessDMAIRQ)
    SD_ProcessIRQSrc                         0x08001e25   Thumb Code   140  bsp_sdio_sd.o(i.SD_ProcessIRQSrc)
    SD_ReadMultiBlocks                       0x08001eb5   Thumb Code   188  bsp_sdio_sd.o(i.SD_ReadMultiBlocks)
    SD_SelectDeselect                        0x08001f7d   Thumb Code    40  bsp_sdio_sd.o(i.SD_SelectDeselect)
    SD_SendStatus                            0x08001fa9   Thumb Code    62  bsp_sdio_sd.o(i.SD_SendStatus)
    SD_StopTransfer                          0x08001ff1   Thumb Code    36  bsp_sdio_sd.o(i.SD_StopTransfer)
    SD_WaitReadOperation                     0x08002019   Thumb Code    94  bsp_sdio_sd.o(i.SD_WaitReadOperation)
    SD_WaitWriteOperation                    0x08002081   Thumb Code    94  bsp_sdio_sd.o(i.SD_WaitWriteOperation)
    SD_WriteMultiBlocks                      0x080020e9   Thumb Code   258  bsp_sdio_sd.o(i.SD_WriteMultiBlocks)
    SysTick_Handler                          0x080022ad   Thumb Code    20  stm32f4xx_it.o(i.SysTick_Handler)
    SystemInit                               0x080022c1   Thumb Code    74  system_stm32f4xx.o(i.SystemInit)
    USART1_IRQHandler                        0x08002349   Thumb Code    50  stm32f4xx_it.o(i.USART1_IRQHandler)
    USART2_IRQHandler                        0x08002381   Thumb Code    50  stm32f4xx_it.o(i.USART2_IRQHandler)
    USART_Cmd                                0x080023b9   Thumb Code    20  stm32f4xx_usart.o(i.USART_Cmd)
    USART_DMACmd                             0x080023cd   Thumb Code    16  stm32f4xx_usart.o(i.USART_DMACmd)
    USART_GetFlagStatus                      0x080023dd   Thumb Code    14  stm32f4xx_usart.o(i.USART_GetFlagStatus)
    USART_GetITStatus                        0x080023eb   Thumb Code    62  stm32f4xx_usart.o(i.USART_GetITStatus)
    USART_ITConfig                           0x08002429   Thumb Code    48  stm32f4xx_usart.o(i.USART_ITConfig)
    USART_Init                               0x08002459   Thumb Code   164  stm32f4xx_usart.o(i.USART_Init)
    USART_ReceiveData                        0x08002505   Thumb Code     8  stm32f4xx_usart.o(i.USART_ReceiveData)
    USART_SendData                           0x0800250d   Thumb Code     8  stm32f4xx_usart.o(i.USART_SendData)
    UsageFault_Handler                       0x08002569   Thumb Code     2  stm32f4xx_it.o(i.UsageFault_Handler)
    __0printf$3                              0x0800256d   Thumb Code    22  printf3.o(i.__0printf$3)
    __1printf$3                              0x0800256d   Thumb Code     0  printf3.o(i.__0printf$3)
    __2printf                                0x0800256d   Thumb Code     0  printf3.o(i.__0printf$3)
    __scatterload_copy                       0x0800258d   Thumb Code    14  handlers.o(i.__scatterload_copy)
    __scatterload_null                       0x0800259b   Thumb Code     2  handlers.o(i.__scatterload_null)
    __scatterload_zeroinit                   0x0800259d   Thumb Code    14  handlers.o(i.__scatterload_zeroinit)
    clust2sect                               0x080027d1   Thumb Code    24  ff.o(i.clust2sect)
    disk_initialize                          0x08002f09   Thumb Code    18  diskio.o(i.disk_initialize)
    disk_ioctl                               0x08002f1d   Thumb Code    56  diskio.o(i.disk_ioctl)
    disk_read                                0x08002f59   Thumb Code   122  diskio.o(i.disk_read)
    disk_status                              0x08002fd3   Thumb Code    12  diskio.o(i.disk_status)
    disk_write                               0x08002fdf   Thumb Code   118  diskio.o(i.disk_write)
    f_close                                  0x08003055   Thumb Code    36  ff.o(i.f_close)
    f_mkfs                                   0x08003079   Thumb Code  1386  ff.o(i.f_mkfs)
    f_mount                                  0x080035e9   Thumb Code   112  ff.o(i.f_mount)
    f_open                                   0x0800365d   Thumb Code   336  ff.o(i.f_open)
    f_sync                                   0x080037ad   Thumb Code   170  ff.o(i.f_sync)
    f_write                                  0x08003857   Thumb Code   460  ff.o(i.f_write)
    ff_convert                               0x08003a25   Thumb Code    68  cc936.o(i.ff_convert)
    ff_cre_syncobj                           0x08003a71   Thumb Code    20  syscall.o(i.ff_cre_syncobj)
    ff_del_syncobj                           0x08003a85   Thumb Code    10  syscall.o(i.ff_del_syncobj)
    ff_rel_grant                             0x08003a8f   Thumb Code    10  syscall.o(i.ff_rel_grant)
    ff_req_grant                             0x08003a99   Thumb Code    22  syscall.o(i.ff_req_grant)
    ff_wtoupper                              0x08003ab1   Thumb Code    70  cc936.o(i.ff_wtoupper)
    fputc                                    0x08003dd9   Thumb Code    30  bsp_debug_usart.o(i.fputc)
    get_fat                                  0x08003e89   Thumb Code   232  ff.o(i.get_fat)
    get_fattime                              0x08003f71   Thumb Code     4  diskio.o(i.get_fattime)
    main                                     0x08003fcd   Thumb Code    82  main.o(i.main)
    put_fat                                  0x08004567   Thumb Code   288  ff.o(i.put_fat)
    pvPortMalloc                             0x08004689   Thumb Code   214  heap_4.o(i.pvPortMalloc)
    pvTaskIncrementMutexHeldCount            0x0800479d   Thumb Code    18  tasks.o(i.pvTaskIncrementMutexHeldCount)
    pxPortInitialiseStack                    0x080047b5   Thumb Code    40  port.o(i.pxPortInitialiseStack)
    uxListRemove                             0x0800498b   Thumb Code    36  list.o(i.uxListRemove)
    vListInitialise                          0x080049af   Thumb Code    22  list.o(i.vListInitialise)
    vListInitialiseItem                      0x080049c5   Thumb Code     6  list.o(i.vListInitialiseItem)
    vListInsert                              0x080049cb   Thumb Code    48  list.o(i.vListInsert)
    vListInsertEnd                           0x080049fb   Thumb Code    24  list.o(i.vListInsertEnd)
    vPortEnterCritical                       0x08004a15   Thumb Code    50  port.o(i.vPortEnterCritical)
    vPortExitCritical                        0x08004a8d   Thumb Code    34  port.o(i.vPortExitCritical)
    vPortFree                                0x08004af1   Thumb Code    94  heap_4.o(i.vPortFree)
    vPortSetupTimerInterrupt                 0x08004b8d   Thumb Code    26  port.o(i.vPortSetupTimerInterrupt)
    vPortValidateInterruptPriority           0x08004bad   Thumb Code    70  port.o(i.vPortValidateInterruptPriority)
    vQueueDelete                             0x08004c39   Thumb Code    34  queue.o(i.vQueueDelete)
    vQueueUnregisterQueue                    0x08004c89   Thumb Code    36  queue.o(i.vQueueUnregisterQueue)
    vTaskDelay                               0x08004cb1   Thumb Code    62  tasks.o(i.vTaskDelay)
    vTaskDelete                              0x08004d25   Thumb Code   152  tasks.o(i.vTaskDelete)
    vTaskMissedYield                         0x08004df9   Thumb Code     8  tasks.o(i.vTaskMissedYield)
    vTaskPlaceOnEventList                    0x08004e05   Thumb Code    44  tasks.o(i.vTaskPlaceOnEventList)
    vTaskPriorityInherit                     0x08004e61   Thumb Code   124  tasks.o(i.vTaskPriorityInherit)
    vTaskSetTimeOutState                     0x08004ee5   Thumb Code    30  tasks.o(i.vTaskSetTimeOutState)
    vTaskStartScheduler                      0x08004f35   Thumb Code    88  tasks.o(i.vTaskStartScheduler)
    vTaskSuspendAll                          0x08004fc9   Thumb Code    10  tasks.o(i.vTaskSuspendAll)
    vTaskSwitchContext                       0x08004fd9   Thumb Code    80  tasks.o(i.vTaskSwitchContext)
    xPortStartScheduler                      0x08005091   Thumb Code   196  port.o(i.xPortStartScheduler)
    xPortSysTickHandler                      0x080051a5   Thumb Code    38  port.o(i.xPortSysTickHandler)
    xQueueCreateMutex                        0x080051d1   Thumb Code    36  queue.o(i.xQueueCreateMutex)
    xQueueGenericCreate                      0x080051f5   Thumb Code    68  queue.o(i.xQueueGenericCreate)
    xQueueGenericReceive                     0x08005265   Thumb Code   348  queue.o(i.xQueueGenericReceive)
    xQueueGenericReset                       0x080053f1   Thumb Code   128  queue.o(i.xQueueGenericReset)
    xQueueGenericSend                        0x080054a1   Thumb Code   332  queue.o(i.xQueueGenericSend)
    xQueueGiveFromISR                        0x0800561d   Thumb Code   144  queue.o(i.xQueueGiveFromISR)
    xTaskCheckForTimeOut                     0x080056d9   Thumb Code    94  tasks.o(i.xTaskCheckForTimeOut)
    xTaskCreate                              0x08005769   Thumb Code    86  tasks.o(i.xTaskCreate)
    xTaskGetSchedulerState                   0x080057c1   Thumb Code    22  tasks.o(i.xTaskGetSchedulerState)
    xTaskIncrementTick                       0x080057dd   Thumb Code   188  tasks.o(i.xTaskIncrementTick)
    xTaskPriorityDisinherit                  0x080058cd   Thumb Code   136  tasks.o(i.xTaskPriorityDisinherit)
    xTaskRemoveFromEventList                 0x08005989   Thumb Code   102  tasks.o(i.xTaskRemoveFromEventList)
    xTaskResumeAll                           0x08005a29   Thumb Code   180  tasks.o(i.xTaskResumeAll)
    Region$$Table$$Base                      0x08030c10   Number         0  anon$$obj.o(Region$$Table)
    Region$$Table$$Limit                     0x08030c30   Number         0  anon$$obj.o(Region$$Table)
    SystemCoreClock                          0x20000000   Data           4  system_stm32f4xx.o(.data)
    AHBPrescTable                            0x20000004   Data          16  system_stm32f4xx.o(.data)
    DEBUG_BinarySem_Handle                   0x20000034   Data           4  main.o(.data)
    MODBUS_BinarySem_Handle                  0x20000038   Data           4  main.o(.data)
    TransferError                            0x2000003c   Data           1  bsp_sdio_sd.o(.data)
    StopCondition                            0x20000048   Data           4  bsp_sdio_sd.o(.data)
    TransferEnd                              0x2000004c   Data           4  bsp_sdio_sd.o(.data)
    DMAEndOfTransfer                         0x20000050   Data           4  bsp_sdio_sd.o(.data)
    res_sd                                   0x20000054   Data           1  fatfs_test.o(.data)
    fnum                                     0x20000058   Data           4  fatfs_test.o(.data)
    WriteBuffer                              0x2000005c   Data          68  fatfs_test.o(.data)
    pxCurrentTCB                             0x200000ac   Data           4  tasks.o(.data)
    __stdout                                 0x2000010c   Data           4  stdout.o(.data)
    Debug_Usart_Rx_Buf                       0x20000110   Data        1000  bsp_debug_usart.o(.bss)
    SDCardInfo                               0x20000528   Data          88  bsp_sdio_sd.o(.bss)
    SDIO_InitStructure                       0x20000580   Data          24  bsp_sdio_sd.o(.bss)
    SDIO_CmdInitStructure                    0x20000598   Data          20  bsp_sdio_sd.o(.bss)
    SDIO_DataInitStructure                   0x200005ac   Data          24  bsp_sdio_sd.o(.bss)
    fs                                       0x200005c4   Data        4148  fatfs_test.o(.bss)
    fnew                                     0x200015f8   Data        4132  fatfs_test.o(.bss)
    MODBUS1_Usart_Rx_Buf                     0x2000261c   Data        1000  bsp_modbus_usart.o(.bss)
    xQueueRegistry                           0x20002a04   Data          80  queue.o(.bss)
    __initial_sp                             0x2000c138   Data           0  startup_stm32f40xx.o(STACK)



==============================================================================

Memory Map of the image

  Image Entry point : 0x08000189

  Load Region LR_IROM1 (Base: 0x08000000, Size: 0x00030d40, Max: 0x00100000, ABSOLUTE)

    Execution Region ER_IROM1 (Exec base: 0x08000000, Load base: 0x08000000, Size: 0x00030c30, Max: 0x00100000, ABSOLUTE)

    Exec Addr    Load Addr    Size         Type   Attr      Idx    E Section Name        Object

    0x08000000   0x08000000   0x00000188   Data   RO            3    RESET               startup_stm32f40xx.o
    0x08000188   0x08000188   0x00000000   Code   RO         6675  * .ARM.Collect$$$$00000000  mc_w.l(entry.o)
    0x08000188   0x08000188   0x00000004   Code   RO         6947    .ARM.Collect$$$$00000001  mc_w.l(entry2.o)
    0x0800018c   0x0800018c   0x00000004   Code   RO         6950    .ARM.Collect$$$$00000004  mc_w.l(entry5.o)
    0x08000190   0x08000190   0x00000000   Code   RO         6952    .ARM.Collect$$$$00000008  mc_w.l(entry7b.o)
    0x08000190   0x08000190   0x00000000   Code   RO         6954    .ARM.Collect$$$$0000000A  mc_w.l(entry8b.o)
    0x08000190   0x08000190   0x00000008   Code   RO         6955    .ARM.Collect$$$$0000000B  mc_w.l(entry9a.o)
    0x08000198   0x08000198   0x00000000   Code   RO         6957    .ARM.Collect$$$$0000000D  mc_w.l(entry10a.o)
    0x08000198   0x08000198   0x00000000   Code   RO         6959    .ARM.Collect$$$$0000000F  mc_w.l(entry11a.o)
    0x08000198   0x08000198   0x00000004   Code   RO         6948    .ARM.Collect$$$$00002712  mc_w.l(entry2.o)
    0x0800019c   0x0800019c   0x000000b6   Code   RO         6589    .emb_text           port.o
    0x08000252   0x08000252   0x00000002   PAD
    0x08000254   0x08000254   0x00000024   Code   RO            4    .text               startup_stm32f40xx.o
    0x08000278   0x08000278   0x00000062   Code   RO         6678    .text               mc_w.l(uldiv.o)
    0x080002da   0x080002da   0x00000024   Code   RO         6680    .text               mc_w.l(memcpya.o)
    0x080002fe   0x080002fe   0x00000024   Code   RO         6682    .text               mc_w.l(memseta.o)
    0x08000322   0x08000322   0x0000002c   Code   RO         6962    .text               mc_w.l(uidiv.o)
    0x0800034e   0x0800034e   0x0000001e   Code   RO         6964    .text               mc_w.l(llshl.o)
    0x0800036c   0x0800036c   0x00000020   Code   RO         6966    .text               mc_w.l(llushr.o)
    0x0800038c   0x0800038c   0x00000024   Code   RO         6979    .text               mc_w.l(init.o)
    0x080003b0   0x080003b0   0x00000180   Code   RO         4750    i.AppTaskCreate     main.o
    0x08000530   0x08000530   0x00000002   Code   RO         4865    i.BusFault_Handler  stm32f4xx_it.o
    0x08000532   0x08000532   0x00000002   PAD
    0x08000534   0x08000534   0x000000e8   Code   RO         5092    i.CmdResp1Error     bsp_sdio_sd.o
    0x0800061c   0x0800061c   0x00000034   Code   RO         5093    i.CmdResp2Error     bsp_sdio_sd.o
    0x08000650   0x08000650   0x00000070   Code   RO         5094    i.CmdResp6Error     bsp_sdio_sd.o
    0x080006c0   0x080006c0   0x0000001e   Code   RO         5095    i.DMA2_Stream3_IRQHandler  bsp_sdio_sd.o
    0x080006de   0x080006de   0x00000002   PAD
    0x080006e0   0x080006e0   0x0000002c   Code   RO         1211    i.DMA_ClearFlag     stm32f4xx_dma.o
    0x0800070c   0x0800070c   0x00000014   Code   RO         1213    i.DMA_Cmd           stm32f4xx_dma.o
    0x08000720   0x08000720   0x00000124   Code   RO         1214    i.DMA_DeInit        stm32f4xx_dma.o
    0x08000844   0x08000844   0x00000014   Code   RO         1217    i.DMA_FlowControllerConfig  stm32f4xx_dma.o
    0x08000858   0x08000858   0x0000002c   Code   RO         1224    i.DMA_ITConfig      stm32f4xx_dma.o
    0x08000884   0x08000884   0x00000054   Code   RO         1225    i.DMA_Init          stm32f4xx_dma.o
    0x080008d8   0x080008d8   0x00000004   Code   RO         1228    i.DMA_SetCurrDataCounter  stm32f4xx_dma.o
    0x080008dc   0x080008dc   0x00000002   Code   RO         4866    i.DebugMon_Handler  stm32f4xx_it.o
    0x080008de   0x080008de   0x00000002   PAD
    0x080008e0   0x080008e0   0x00000080   Code   RO         5013    i.Debug_DMA_Config  bsp_debug_usart.o
    0x08000960   0x08000960   0x00000054   Code   RO         5014    i.Debug_DMA_Rx_Data  bsp_debug_usart.o
    0x080009b4   0x080009b4   0x000000c8   Code   RO         5015    i.Debug_USART_Config  bsp_debug_usart.o
    0x08000a7c   0x08000a7c   0x0000017c   Code   RO         5343    i.FileSystem_Init   fatfs_test.o
    0x08000bf8   0x08000bf8   0x00000170   Code   RO         5344    i.FileSystem_Test   fatfs_test.o
    0x08000d68   0x08000d68   0x00000138   Code   RO         5096    i.FindSCR           bsp_sdio_sd.o
    0x08000ea0   0x08000ea0   0x00000078   Code   RO         1857    i.GPIO_Init         stm32f4xx_gpio.o
    0x08000f18   0x08000f18   0x00000020   Code   RO         1858    i.GPIO_PinAFConfig  stm32f4xx_gpio.o
    0x08000f38   0x08000f38   0x00000002   Code   RO         4867    i.HardFault_Handler  stm32f4xx_it.o
    0x08000f3a   0x08000f3a   0x00000002   PAD
    0x08000f3c   0x08000f3c   0x00000034   Code   RO         4978    i.Key_GPIO_Config   bsp_key.o
    0x08000f70   0x08000f70   0x00000070   Code   RO         4953    i.LED_GPIO_Config   bsp_led.o
    0x08000fe0   0x08000fe0   0x00000080   Code   RO         5381    i.MODBUS1_DMA_Config  bsp_modbus_usart.o
    0x08001060   0x08001060   0x00000054   Code   RO         5382    i.MODBUS1_DMA_Rx_Data  bsp_modbus_usart.o
    0x080010b4   0x080010b4   0x000000c8   Code   RO         5383    i.MODBUS1_USART_Config  bsp_modbus_usart.o
    0x0800117c   0x0800117c   0x00000054   Code   RO         4751    i.MODBUS_Task       main.o
    0x080011d0   0x080011d0   0x00000002   Code   RO         4868    i.MemManage_Handler  stm32f4xx_it.o
    0x080011d2   0x080011d2   0x00000002   Code   RO         4869    i.NMI_Handler       stm32f4xx_it.o
    0x080011d4   0x080011d4   0x00000064   Code   RO          155    i.NVIC_Init         misc.o
    0x08001238   0x08001238   0x00000014   Code   RO          156    i.NVIC_PriorityGroupConfig  misc.o
    0x0800124c   0x0800124c   0x00000018   Code   RO         2561    i.RCC_AHB1PeriphClockCmd  stm32f4xx_rcc.o
    0x08001264   0x08001264   0x00000018   Code   RO         2570    i.RCC_APB1PeriphClockCmd  stm32f4xx_rcc.o
    0x0800127c   0x0800127c   0x00000018   Code   RO         2573    i.RCC_APB2PeriphClockCmd  stm32f4xx_rcc.o
    0x08001294   0x08001294   0x00000018   Code   RO         2575    i.RCC_APB2PeriphResetCmd  stm32f4xx_rcc.o
    0x080012ac   0x080012ac   0x00000090   Code   RO         2582    i.RCC_GetClocksFreq  stm32f4xx_rcc.o
    0x0800133c   0x0800133c   0x000000c0   Code   RO         5098    i.SDEnWideBus       bsp_sdio_sd.o
    0x080013fc   0x080013fc   0x0000000c   Code   RO         3495    i.SDIO_ClearFlag    stm32f4xx_sdio.o
    0x08001408   0x08001408   0x0000000c   Code   RO         3496    i.SDIO_ClearITPendingBit  stm32f4xx_sdio.o
    0x08001414   0x08001414   0x0000000c   Code   RO         3497    i.SDIO_ClockCmd     stm32f4xx_sdio.o
    0x08001420   0x08001420   0x0000000c   Code   RO         3500    i.SDIO_DMACmd       stm32f4xx_sdio.o
    0x0800142c   0x0800142c   0x00000030   Code   RO         3501    i.SDIO_DataConfig   stm32f4xx_sdio.o
    0x0800145c   0x0800145c   0x00000018   Code   RO         3503    i.SDIO_DeInit       stm32f4xx_sdio.o
    0x08001474   0x08001474   0x0000000c   Code   RO         3504    i.SDIO_GetCommandResponse  stm32f4xx_sdio.o
    0x08001480   0x08001480   0x00000014   Code   RO         3507    i.SDIO_GetFlagStatus  stm32f4xx_sdio.o
    0x08001494   0x08001494   0x00000014   Code   RO         3508    i.SDIO_GetITStatus  stm32f4xx_sdio.o
    0x080014a8   0x080014a8   0x00000010   Code   RO         3509    i.SDIO_GetPowerState  stm32f4xx_sdio.o
    0x080014b8   0x080014b8   0x00000010   Code   RO         3510    i.SDIO_GetResponse  stm32f4xx_sdio.o
    0x080014c8   0x080014c8   0x0000001e   Code   RO         5099    i.SDIO_IRQHandler   bsp_sdio_sd.o
    0x080014e6   0x080014e6   0x00000002   PAD
    0x080014e8   0x080014e8   0x00000018   Code   RO         3511    i.SDIO_ITConfig     stm32f4xx_sdio.o
    0x08001500   0x08001500   0x0000002c   Code   RO         3512    i.SDIO_Init         stm32f4xx_sdio.o
    0x0800152c   0x0800152c   0x0000000c   Code   RO         3513    i.SDIO_ReadData     stm32f4xx_sdio.o
    0x08001538   0x08001538   0x00000028   Code   RO         3515    i.SDIO_SendCommand  stm32f4xx_sdio.o
    0x08001560   0x08001560   0x0000000c   Code   RO         3517    i.SDIO_SetPowerState  stm32f4xx_sdio.o
    0x0800156c   0x0800156c   0x00000074   Code   RO         5102    i.SD_EnableWideBusOperation  bsp_sdio_sd.o
    0x080015e0   0x080015e0   0x00000264   Code   RO         5104    i.SD_GetCardInfo    bsp_sdio_sd.o
    0x08001844   0x08001844   0x00000028   Code   RO         5106    i.SD_GetState       bsp_sdio_sd.o
    0x0800186c   0x0800186c   0x0000001a   Code   RO         5107    i.SD_GetStatus      bsp_sdio_sd.o
    0x08001886   0x08001886   0x00000002   PAD
    0x08001888   0x08001888   0x000000b8   Code   RO         5110    i.SD_Init           bsp_sdio_sd.o
    0x08001940   0x08001940   0x000000fc   Code   RO         5111    i.SD_InitializeCards  bsp_sdio_sd.o
    0x08001a3c   0x08001a3c   0x00000088   Code   RO         5112    i.SD_LowLevel_DMA_RxConfig  bsp_sdio_sd.o
    0x08001ac4   0x08001ac4   0x0000008c   Code   RO         5113    i.SD_LowLevel_DMA_TxConfig  bsp_sdio_sd.o
    0x08001b50   0x08001b50   0x000000a4   Code   RO         5115    i.SD_LowLevel_Init  bsp_sdio_sd.o
    0x08001bf4   0x08001bf4   0x00000208   Code   RO         5117    i.SD_PowerON        bsp_sdio_sd.o
    0x08001dfc   0x08001dfc   0x00000028   Code   RO         5118    i.SD_ProcessDMAIRQ  bsp_sdio_sd.o
    0x08001e24   0x08001e24   0x00000090   Code   RO         5119    i.SD_ProcessIRQSrc  bsp_sdio_sd.o
    0x08001eb4   0x08001eb4   0x000000c8   Code   RO         5121    i.SD_ReadMultiBlocks  bsp_sdio_sd.o
    0x08001f7c   0x08001f7c   0x0000002c   Code   RO         5122    i.SD_SelectDeselect  bsp_sdio_sd.o
    0x08001fa8   0x08001fa8   0x00000048   Code   RO         5124    i.SD_SendStatus     bsp_sdio_sd.o
    0x08001ff0   0x08001ff0   0x00000028   Code   RO         5125    i.SD_StopTransfer   bsp_sdio_sd.o
    0x08002018   0x08002018   0x00000068   Code   RO         5126    i.SD_WaitReadOperation  bsp_sdio_sd.o
    0x08002080   0x08002080   0x00000068   Code   RO         5127    i.SD_WaitWriteOperation  bsp_sdio_sd.o
    0x080020e8   0x080020e8   0x00000110   Code   RO         5129    i.SD_WriteMultiBlocks  bsp_sdio_sd.o
    0x080021f8   0x080021f8   0x000000b4   Code   RO           13    i.SetSysClock       system_stm32f4xx.o
    0x080022ac   0x080022ac   0x00000014   Code   RO         4870    i.SysTick_Handler   stm32f4xx_it.o
    0x080022c0   0x080022c0   0x0000005c   Code   RO           15    i.SystemInit        system_stm32f4xx.o
    0x0800231c   0x0800231c   0x0000002c   Code   RO         4752    i.Test_Task         main.o
    0x08002348   0x08002348   0x00000038   Code   RO         4871    i.USART1_IRQHandler  stm32f4xx_it.o
    0x08002380   0x08002380   0x00000038   Code   RO         4872    i.USART2_IRQHandler  stm32f4xx_it.o
    0x080023b8   0x080023b8   0x00000014   Code   RO         4496    i.USART_Cmd         stm32f4xx_usart.o
    0x080023cc   0x080023cc   0x00000010   Code   RO         4497    i.USART_DMACmd      stm32f4xx_usart.o
    0x080023dc   0x080023dc   0x0000000e   Code   RO         4499    i.USART_GetFlagStatus  stm32f4xx_usart.o
    0x080023ea   0x080023ea   0x0000003e   Code   RO         4500    i.USART_GetITStatus  stm32f4xx_usart.o
    0x08002428   0x08002428   0x00000030   Code   RO         4502    i.USART_ITConfig    stm32f4xx_usart.o
    0x08002458   0x08002458   0x000000ac   Code   RO         4503    i.USART_Init        stm32f4xx_usart.o
    0x08002504   0x08002504   0x00000008   Code   RO         4510    i.USART_ReceiveData  stm32f4xx_usart.o
    0x0800250c   0x0800250c   0x00000008   Code   RO         4513    i.USART_SendData    stm32f4xx_usart.o
    0x08002514   0x08002514   0x00000054   Code   RO         4753    i.Uart_Task         main.o
    0x08002568   0x08002568   0x00000002   Code   RO         4873    i.UsageFault_Handler  stm32f4xx_it.o
    0x0800256a   0x0800256a   0x00000002   PAD
    0x0800256c   0x0800256c   0x00000020   Code   RO         6775    i.__0printf$3       mc_w.l(printf3.o)
    0x0800258c   0x0800258c   0x0000000e   Code   RO         6987    i.__scatterload_copy  mc_w.l(handlers.o)
    0x0800259a   0x0800259a   0x00000002   Code   RO         6988    i.__scatterload_null  mc_w.l(handlers.o)
    0x0800259c   0x0800259c   0x0000000e   Code   RO         6989    i.__scatterload_zeroinit  mc_w.l(handlers.o)
    0x080025aa   0x080025aa   0x00000002   PAD
    0x080025ac   0x080025ac   0x000001b8   Code   RO         6782    i._printf_core      mc_w.l(printf3.o)
    0x08002764   0x08002764   0x0000005c   Code   RO         5424    i.check_fs          ff.o
    0x080027c0   0x080027c0   0x00000010   Code   RO         5425    i.chk_chr           ff.o
    0x080027d0   0x080027d0   0x00000018   Code   RO         5426    i.clust2sect        ff.o
    0x080027e8   0x080027e8   0x0000007c   Code   RO         5427    i.cmp_lfn           ff.o
    0x08002864   0x08002864   0x0000009e   Code   RO         5428    i.create_chain      ff.o
    0x08002902   0x08002902   0x00000002   PAD
    0x08002904   0x08002904   0x00000218   Code   RO         5429    i.create_name       ff.o
    0x08002b1c   0x08002b1c   0x000000c4   Code   RO         5430    i.dir_find          ff.o
    0x08002be0   0x08002be0   0x000000fa   Code   RO         5431    i.dir_next          ff.o
    0x08002cda   0x08002cda   0x00000002   PAD
    0x08002cdc   0x08002cdc   0x0000019c   Code   RO         5433    i.dir_register      ff.o
    0x08002e78   0x08002e78   0x00000090   Code   RO         5435    i.dir_sdi           ff.o
    0x08002f08   0x08002f08   0x00000012   Code   RO         5812    i.disk_initialize   diskio.o
    0x08002f1a   0x08002f1a   0x00000002   PAD
    0x08002f1c   0x08002f1c   0x0000003c   Code   RO         5813    i.disk_ioctl        diskio.o
    0x08002f58   0x08002f58   0x0000007a   Code   RO         5814    i.disk_read         diskio.o
    0x08002fd2   0x08002fd2   0x0000000c   Code   RO         5815    i.disk_status       diskio.o
    0x08002fde   0x08002fde   0x00000076   Code   RO         5816    i.disk_write        diskio.o
    0x08003054   0x08003054   0x00000024   Code   RO         5437    i.f_close           ff.o
    0x08003078   0x08003078   0x00000570   Code   RO         5442    i.f_mkfs            ff.o
    0x080035e8   0x080035e8   0x00000074   Code   RO         5443    i.f_mount           ff.o
    0x0800365c   0x0800365c   0x00000150   Code   RO         5444    i.f_open            ff.o
    0x080037ac   0x080037ac   0x000000aa   Code   RO         5450    i.f_sync            ff.o
    0x08003856   0x08003856   0x000001cc   Code   RO         5454    i.f_write           ff.o
    0x08003a22   0x08003a22   0x00000002   PAD
    0x08003a24   0x08003a24   0x0000004c   Code   RO         5729    i.ff_convert        cc936.o
    0x08003a70   0x08003a70   0x00000014   Code   RO         5770    i.ff_cre_syncobj    syscall.o
    0x08003a84   0x08003a84   0x0000000a   Code   RO         5771    i.ff_del_syncobj    syscall.o
    0x08003a8e   0x08003a8e   0x0000000a   Code   RO         5772    i.ff_rel_grant      syscall.o
    0x08003a98   0x08003a98   0x00000016   Code   RO         5773    i.ff_req_grant      syscall.o
    0x08003aae   0x08003aae   0x00000002   PAD
    0x08003ab0   0x08003ab0   0x00000050   Code   RO         5730    i.ff_wtoupper       cc936.o
    0x08003b00   0x08003b00   0x00000270   Code   RO         5455    i.find_volume       ff.o
    0x08003d70   0x08003d70   0x00000066   Code   RO         5456    i.follow_path       ff.o
    0x08003dd6   0x08003dd6   0x00000002   PAD
    0x08003dd8   0x08003dd8   0x00000024   Code   RO         5020    i.fputc             bsp_debug_usart.o
    0x08003dfc   0x08003dfc   0x0000008c   Code   RO         5457    i.gen_numname       ff.o
    0x08003e88   0x08003e88   0x000000e8   Code   RO         5458    i.get_fat           ff.o
    0x08003f70   0x08003f70   0x00000008   Code   RO         5817    i.get_fattime       diskio.o
    0x08003f78   0x08003f78   0x0000003c   Code   RO         5460    i.get_ldnumber      ff.o
    0x08003fb4   0x08003fb4   0x00000012   Code   RO         5461    i.ld_clust          ff.o
    0x08003fc6   0x08003fc6   0x00000006   Code   RO         5462    i.lock_fs           ff.o
    0x08003fcc   0x08003fcc   0x00000088   Code   RO         4754    i.main              main.o
    0x08004054   0x08004054   0x00000010   Code   RO         5463    i.mem_cpy           ff.o
    0x08004064   0x08004064   0x0000000e   Code   RO         5464    i.mem_set           ff.o
    0x08004072   0x08004072   0x00000032   Code   RO         5465    i.move_window       ff.o
    0x080040a4   0x080040a4   0x00000070   Code   RO         6195    i.prvAddCurrentTaskToDelayedList  tasks.o
    0x08004114   0x08004114   0x000000d0   Code   RO         6196    i.prvAddNewTaskToReadyList  tasks.o
    0x080041e4   0x080041e4   0x00000054   Code   RO         6197    i.prvCheckTasksWaitingTermination  tasks.o
    0x08004238   0x08004238   0x00000026   Code   RO         6042    i.prvCopyDataFromQueue  queue.o
    0x0800425e   0x0800425e   0x0000006c   Code   RO         6043    i.prvCopyDataToQueue  queue.o
    0x080042ca   0x080042ca   0x00000014   Code   RO         6198    i.prvDeleteTCB      tasks.o
    0x080042de   0x080042de   0x00000002   PAD
    0x080042e0   0x080042e0   0x0000004c   Code   RO         6528    i.prvHeapInit       heap_4.o
    0x0800432c   0x0800432c   0x00000028   Code   RO         6199    i.prvIdleTask       tasks.o
    0x08004354   0x08004354   0x000000bc   Code   RO         6200    i.prvInitialiseNewTask  tasks.o
    0x08004410   0x08004410   0x0000004c   Code   RO         6529    i.prvInsertBlockIntoFreeList  heap_4.o
    0x0800445c   0x0800445c   0x0000001a   Code   RO         6044    i.prvIsQueueEmpty   queue.o
    0x08004476   0x08004476   0x00000002   PAD
    0x08004478   0x08004478   0x00000020   Code   RO         6201    i.prvResetNextTaskUnblockTime  tasks.o
    0x08004498   0x08004498   0x00000064   Code   RO         6590    i.prvTaskExitError  port.o
    0x080044fc   0x080044fc   0x0000006a   Code   RO         6045    i.prvUnlockQueue    queue.o
    0x08004566   0x08004566   0x00000120   Code   RO         5466    i.put_fat           ff.o
    0x08004686   0x08004686   0x00000002   PAD
    0x08004688   0x08004688   0x00000114   Code   RO         6530    i.pvPortMalloc      heap_4.o
    0x0800479c   0x0800479c   0x00000018   Code   RO         6203    i.pvTaskIncrementMutexHeldCount  tasks.o
    0x080047b4   0x080047b4   0x0000002c   Code   RO         6591    i.pxPortInitialiseStack  port.o
    0x080047e0   0x080047e0   0x00000062   Code   RO         5467    i.remove_chain      ff.o
    0x08004842   0x08004842   0x00000010   Code   RO         5468    i.st_clust          ff.o
    0x08004852   0x08004852   0x0000001a   Code   RO         5469    i.sum_sfn           ff.o
    0x0800486c   0x0800486c   0x000000b0   Code   RO         5470    i.sync_fs           ff.o
    0x0800491c   0x0800491c   0x00000052   Code   RO         5471    i.sync_window       ff.o
    0x0800496e   0x0800496e   0x0000001c   Code   RO         5472    i.unlock_fs         ff.o
    0x0800498a   0x0800498a   0x00000024   Code   RO         5993    i.uxListRemove      list.o
    0x080049ae   0x080049ae   0x00000016   Code   RO         5994    i.vListInitialise   list.o
    0x080049c4   0x080049c4   0x00000006   Code   RO         5995    i.vListInitialiseItem  list.o
    0x080049ca   0x080049ca   0x00000030   Code   RO         5996    i.vListInsert       list.o
    0x080049fa   0x080049fa   0x00000018   Code   RO         5997    i.vListInsertEnd    list.o
    0x08004a12   0x08004a12   0x00000002   PAD
    0x08004a14   0x08004a14   0x00000078   Code   RO         6593    i.vPortEnterCritical  port.o
    0x08004a8c   0x08004a8c   0x00000064   Code   RO         6594    i.vPortExitCritical  port.o
    0x08004af0   0x08004af0   0x0000009c   Code   RO         6531    i.vPortFree         heap_4.o
    0x08004b8c   0x08004b8c   0x00000020   Code   RO         6595    i.vPortSetupTimerInterrupt  port.o
    0x08004bac   0x08004bac   0x0000008c   Code   RO         6596    i.vPortValidateInterruptPriority  port.o
    0x08004c38   0x08004c38   0x00000050   Code   RO         6050    i.vQueueDelete      queue.o
    0x08004c88   0x08004c88   0x00000028   Code   RO         6051    i.vQueueUnregisterQueue  queue.o
    0x08004cb0   0x08004cb0   0x00000074   Code   RO         6209    i.vTaskDelay        tasks.o
    0x08004d24   0x08004d24   0x000000d4   Code   RO         6211    i.vTaskDelete       tasks.o
    0x08004df8   0x08004df8   0x0000000c   Code   RO         6213    i.vTaskMissedYield  tasks.o
    0x08004e04   0x08004e04   0x0000005c   Code   RO         6215    i.vTaskPlaceOnEventList  tasks.o
    0x08004e60   0x08004e60   0x00000084   Code   RO         6217    i.vTaskPriorityInherit  tasks.o
    0x08004ee4   0x08004ee4   0x00000050   Code   RO         6220    i.vTaskSetTimeOutState  tasks.o
    0x08004f34   0x08004f34   0x00000094   Code   RO         6221    i.vTaskStartScheduler  tasks.o
    0x08004fc8   0x08004fc8   0x00000010   Code   RO         6223    i.vTaskSuspendAll   tasks.o
    0x08004fd8   0x08004fd8   0x00000084   Code   RO         6224    i.vTaskSwitchContext  tasks.o
    0x0800505c   0x0800505c   0x00000034   Code   RO         5473    i.validate          ff.o
    0x08005090   0x08005090   0x00000114   Code   RO         6597    i.xPortStartScheduler  port.o
    0x080051a4   0x080051a4   0x0000002c   Code   RO         6598    i.xPortSysTickHandler  port.o
    0x080051d0   0x080051d0   0x00000024   Code   RO         6052    i.xQueueCreateMutex  queue.o
    0x080051f4   0x080051f4   0x00000070   Code   RO         6053    i.xQueueGenericCreate  queue.o
    0x08005264   0x08005264   0x0000018c   Code   RO         6054    i.xQueueGenericReceive  queue.o
    0x080053f0   0x080053f0   0x000000b0   Code   RO         6055    i.xQueueGenericReset  queue.o
    0x080054a0   0x080054a0   0x0000017c   Code   RO         6056    i.xQueueGenericSend  queue.o
    0x0800561c   0x0800561c   0x000000bc   Code   RO         6058    i.xQueueGiveFromISR  queue.o
    0x080056d8   0x080056d8   0x00000090   Code   RO         6225    i.xTaskCheckForTimeOut  tasks.o
    0x08005768   0x08005768   0x00000056   Code   RO         6226    i.xTaskCreate       tasks.o
    0x080057be   0x080057be   0x00000002   PAD
    0x080057c0   0x080057c0   0x0000001c   Code   RO         6230    i.xTaskGetSchedulerState  tasks.o
    0x080057dc   0x080057dc   0x000000f0   Code   RO         6233    i.xTaskIncrementTick  tasks.o
    0x080058cc   0x080058cc   0x000000bc   Code   RO         6236    i.xTaskPriorityDisinherit  tasks.o
    0x08005988   0x08005988   0x000000a0   Code   RO         6237    i.xTaskRemoveFromEventList  tasks.o
    0x08005a28   0x08005a28   0x000000ec   Code   RO         6239    i.xTaskResumeAll    tasks.o
    0x08005b14   0x08005b14   0x0000003a   Data   RO         5474    .constdata          ff.o
    0x08005b4e   0x08005b4e   0x0002b0c0   Data   RO         5731    .constdata          cc936.o
    0x08030c0e   0x08030c0e   0x00000002   PAD
    0x08030c10   0x08030c10   0x00000020   Data   RO         6985    Region$$Table       anon$$obj.o


    Execution Region RW_IRAM1 (Exec base: 0x20000000, Load base: 0x08030c30, Size: 0x0000c138, Max: 0x00020000, ABSOLUTE)

    Exec Addr    Load Addr    Size         Type   Attr      Idx    E Section Name        Object

    0x20000000   0x08030c30   0x00000014   Data   RW           16    .data               system_stm32f4xx.o
    0x20000014   0x08030c44   0x00000010   Data   RW         2614    .data               stm32f4xx_rcc.o
    0x20000024   0x08030c54   0x00000018   Data   RW         4755    .data               main.o
    0x2000003c   0x08030c6c   0x00000018   Data   RW         5132    .data               bsp_sdio_sd.o
    0x20000054   0x08030c84   0x0000004c   Data   RW         5347    .data               fatfs_test.o
    0x200000a0   0x08030cd0   0x0000000c   Data   RW         5475    .data               ff.o
    0x200000ac   0x08030cdc   0x0000003c   Data   RW         6242    .data               tasks.o
    0x200000e8   0x08030d18   0x00000018   Data   RW         6536    .data               heap_4.o
    0x20000100   0x08030d30   0x0000000c   Data   RW         6599    .data               port.o
    0x2000010c   0x08030d3c   0x00000004   Data   RW         6961    .data               mc_w.l(stdout.o)
    0x20000110        -       0x000003e8   Zero   RW         5021    .bss                bsp_debug_usart.o
    0x200004f8        -       0x000000cc   Zero   RW         5131    .bss                bsp_sdio_sd.o
    0x200005c4        -       0x00002058   Zero   RW         5346    .bss                fatfs_test.o
    0x2000261c        -       0x000003e8   Zero   RW         5384    .bss                bsp_modbus_usart.o
    0x20002a04        -       0x00000050   Zero   RW         6063    .bss                queue.o
    0x20002a54        -       0x000002e4   Zero   RW         6241    .bss                tasks.o
    0x20002d38        -       0x00009000   Zero   RW         6535    .bss                heap_4.o
    0x2000bd38        -       0x00000400   Zero   RW            1    STACK               startup_stm32f40xx.o


==============================================================================

Image component sizes


      Code (inc. data)   RO Data    RW Data    ZI Data      Debug   Object Name

       448         42          0          0       1000       4817   bsp_debug_usart.o
        52          4          0          0          0        554   bsp_key.o
       112          4          0          0          0        602   bsp_led.o
       412         36          0          0       1000       2899   bsp_modbus_usart.o
      4170        194          0         24        204      31131   bsp_sdio_sd.o
       156         18     176320          0          0       2859   cc936.o
       338          8          0          0          0       6253   diskio.o
         0          0          0          0          0       1468   event_groups.o
       748        524          0         76       8280       4685   fatfs_test.o
      6490        130         58         12          0      39338   ff.o
       584        138          0         24      36864       4131   heap_4.o
       136          0          0          0          0       3298   list.o
       732        342          0         24          0      18714   main.o
       120         14          0          0          0       1795   misc.o
      1038        382          0         12          0      10849   port.o
      1686        282          0          0         80      12742   queue.o
        36          8        392          0       1024        972   startup_stm32f40xx.o
       508         36          0          0          0       6389   stm32f4xx_dma.o
       152          0          0          0          0       2011   stm32f4xx_gpio.o
       144         12          0          0          0      12855   stm32f4xx_it.o
       240         36          0         16          0       5868   stm32f4xx_rcc.o
       336         76          0          0          0      11930   stm32f4xx_sdio.o
       348          8          0          0          0       6968   stm32f4xx_usart.o
        62          0          0          0          0       2648   syscall.o
       272         36          0         20          0     296109   system_stm32f4xx.o
      2730        722          0         60        740      28765   tasks.o

    ----------------------------------------------------------------------
     22088       3052     176804        268      49192     520650   Object Totals
         0          0         32          0          0          0   (incl. Generated)
        38          0          2          0          0          0   (incl. Padding)

    ----------------------------------------------------------------------

      Code (inc. data)   RO Data    RW Data    ZI Data      Debug   Library Member Name

         0          0          0          0          0          0   entry.o
         0          0          0          0          0          0   entry10a.o
         0          0          0          0          0          0   entry11a.o
         8          4          0          0          0          0   entry2.o
         4          0          0          0          0          0   entry5.o
         0          0          0          0          0          0   entry7b.o
         0          0          0          0          0          0   entry8b.o
         8          4          0          0          0          0   entry9a.o
        30          0          0          0          0          0   handlers.o
        36          8          0          0          0         68   init.o
        30          0          0          0          0         68   llshl.o
        32          0          0          0          0         68   llushr.o
        36          0          0          0          0         68   memcpya.o
        36          0          0          0          0        108   memseta.o
       472         14          0          0          0        184   printf3.o
         0          0          0          4          0          0   stdout.o
        44          0          0          0          0         80   uidiv.o
        98          0          0          0          0         92   uldiv.o

    ----------------------------------------------------------------------
       836         30          0          4          0        736   Library Totals
         2          0          0          0          0          0   (incl. Padding)

    ----------------------------------------------------------------------

      Code (inc. data)   RO Data    RW Data    ZI Data      Debug   Library Name

       834         30          0          4          0        736   mc_w.l

    ----------------------------------------------------------------------
       836         30          0          4          0        736   Library Totals

    ----------------------------------------------------------------------

==============================================================================


      Code (inc. data)   RO Data    RW Data    ZI Data      Debug   

     22924       3082     176804        272      49192     502778   Grand Totals
     22924       3082     176804        272      49192     502778   ELF Image Totals
     22924       3082     176804        272          0          0   ROM Totals

==============================================================================

    Total RO  Size (Code + RO Data)               199728 ( 195.05kB)
    Total RW  Size (RW Data + ZI Data)             49464 (  48.30kB)
    Total ROM Size (Code + RO Data + RW Data)     200000 ( 195.31kB)

==============================================================================

